pinia.mjs:281 🍍 "project-data" store installed 🆕
pinia.mjs:281 🍍 "userStore" store installed 🆕
web-vitals.ts:13 [WebVitals] FCP: 572.00ms (good)
web-vitals.ts:13 [WebVitals] TTFB: 20.90ms (good)
bus.ts:149 [DataFlow] 统一数据流转平台已初始化 ✅
pinia.mjs:281 🍍 "team" store installed 🆕
pinia.mjs:281 🍍 "notification" store installed 🆕
pinia.mjs:281 🍍 "review" store installed 🆕
pinia.mjs:281 🍍 "project" store installed 🆕
pinia.mjs:281 🍍 "script-project" store installed 🆕
bus.ts:525 [DataFlow] 通道 "flow:store->project-data" 收到数据: {source: 'store:team', action: 'update', data: 'dd7777b2fbe41d80b2c132bfa8d948e2', prevData: '', timestamp: 1780663987518}
pinia.mjs:281 🍍 "worktabStore" store installed 🆕
web-vitals.ts:13 [WebVitals] CLS: 0.00ms (good)
web-vitals.ts:13 [WebVitals] LCP: 2308.00ms (good)
content_main.js:4683 This page uses the built-in LanguageDetector feature. To learn more and leave feedback, see https://learn.microsoft.com/microsoft-edge/web-platform/languagedetector-api
index.vue?t=1780664077404:421 Property "selectedEpisodeId" was accessed during render but is not defined on instance. Proxy(Object) {…} at <ElCard>
at <VideoGenAi>
at <KeepAlive>
at <BaseTransition>
at <Transition>
at <RouterView>
at <ArtPageContent>
at <AppLayout>
at <RouterView>
at <ElConfigProvider>
at <App> (11) [{…}, {…}, {…}, {…}, {…}, {…}, {…}, {…}, {…}, {…}, {…}]
(匿名) @ select.vue:387
callWithErrorHandling @ runtime-core.esm-bundler.js:199
warn$1 @ runtime-core.esm-bundler.js:27
get @ runtime-core.esm-bundler.js:3196
(匿名) @ index.vue:24
(匿名) @ runtime-core.esm-bundler.js:695
renderSlot @ runtime-core.esm-bundler.js:3045
(匿名) @ card.vue:33
renderComponentRoot @ runtime-core.esm-bundler.js:6590
(匿名) @ runtime-core.esm-bundler.js:5468
run @ reactivity.esm-bundler.js:237
(匿名) @ runtime-core.esm-bundler.js:5328
(匿名) @ runtime-core.esm-bundler.js:5262
(匿名) @ runtime-core.esm-bundler.js:4767
(匿名) @ runtime-core.esm-bundler.js:5668
(匿名) @ runtime-core.esm-bundler.js:5582
(匿名) @ runtime-core.esm-bundler.js:5054
(匿名) @ runtime-core.esm-bundler.js:4900
(匿名) @ runtime-core.esm-bundler.js:4755
(匿名) @ runtime-core.esm-bundler.js:5477
run @ reactivity.esm-bundler.js:237
(匿名) @ runtime-core.esm-bundler.js:499
rerender @ runtime-core.esm-bundler.js:491
(匿名) @ runtime-core.esm-bundler.js:565
(匿名) @ index.vue:220
(匿名) @ client:66
(匿名) @ client:218
(匿名) @ client:196
queueUpdate @ client:196
await in queueUpdate
(匿名) @ client:839
handleMessage @ client:838
await in handleMessage
(匿名) @ client:458
dequeue @ client:480
(匿名) @ client:472
enqueue @ client:466
(匿名) @ client:458
onMessage @ client:305
(匿名) @ client:413
index.vue?t=1780664077404:427 Property "episodeListLoading" was accessed during render but is not defined on instance. Proxy(Object) {…} at <ElCard>
at <VideoGenAi>
at <KeepAlive>
at <BaseTransition>
at <Transition>
at <RouterView>
at <ArtPageContent>
at <AppLayout>
at <RouterView>
at <ElConfigProvider>
at <App> (11) [{…}, {…}, {…}, {…}, {…}, {…}, {…}, {…}, {…}, {…}, {…}]
(匿名) @ select.vue:387
callWithErrorHandling @ runtime-core.esm-bundler.js:199
warn$1 @ runtime-core.esm-bundler.js:27
get @ runtime-core.esm-bundler.js:3196
(匿名) @ index.vue:29
(匿名) @ runtime-core.esm-bundler.js:695
renderSlot @ runtime-core.esm-bundler.js:3045
(匿名) @ card.vue:33
renderComponentRoot @ runtime-core.esm-bundler.js:6590
(匿名) @ runtime-core.esm-bundler.js:5468
run @ reactivity.esm-bundler.js:237
(匿名) @ runtime-core.esm-bundler.js:5328
(匿名) @ runtime-core.esm-bundler.js:5262
(匿名) @ runtime-core.esm-bundler.js:4767
(匿名) @ runtime-core.esm-bundler.js:5668
(匿名) @ runtime-core.esm-bundler.js:5582
(匿名) @ runtime-core.esm-bundler.js:5054
(匿名) @ runtime-core.esm-bundler.js:4900
(匿名) @ runtime-core.esm-bundler.js:4755
(匿名) @ runtime-core.esm-bundler.js:5477
run @ reactivity.esm-bundler.js:237
(匿名) @ runtime-core.esm-bundler.js:499
rerender @ runtime-core.esm-bundler.js:491
(匿名) @ runtime-core.esm-bundler.js:565
(匿名) @ index.vue:220
(匿名) @ client:66
(匿名) @ client:218
(匿名) @ client:196
queueUpdate @ client:196
await in queueUpdate
(匿名) @ client:839
handleMessage @ client:838
await in handleMessage
(匿名) @ client:458
dequeue @ client:480
(匿名) @ client:472
enqueue @ client:466
(匿名) @ client:458
onMessage @ client:305
(匿名) @ client:413
index.vue?t=1780664077404:429 Property "handleEpisodeChange" was accessed during render but is not defined on instance. Proxy(Object) {…} at <ElCard>
at <VideoGenAi>
at <KeepAlive>
at <BaseTransition>
at <Transition>
at <RouterView>
at <ArtPageContent>
at <AppLayout>
at <RouterView>
at <ElConfigProvider>
at <App> (11) [{…}, {…}, {…}, {…}, {…}, {…}, {…}, {…}, {…}, {…}, {…}]
(匿名) @ select.vue:387
callWithErrorHandling @ runtime-core.esm-bundler.js:199
warn$1 @ runtime-core.esm-bundler.js:27
get @ runtime-core.esm-bundler.js:3196
(匿名) @ index.vue:31
(匿名) @ runtime-core.esm-bundler.js:695
renderSlot @ runtime-core.esm-bundler.js:3045
(匿名) @ card.vue:33
renderComponentRoot @ runtime-core.esm-bundler.js:6590
(匿名) @ runtime-core.esm-bundler.js:5468
run @ reactivity.esm-bundler.js:237
(匿名) @ runtime-core.esm-bundler.js:5328
(匿名) @ runtime-core.esm-bundler.js:5262
(匿名) @ runtime-core.esm-bundler.js:4767
(匿名) @ runtime-core.esm-bundler.js:5668
(匿名) @ runtime-core.esm-bundler.js:5582
(匿名) @ runtime-core.esm-bundler.js:5054
(匿名) @ runtime-core.esm-bundler.js:4900
(匿名) @ runtime-core.esm-bundler.js:4755
(匿名) @ runtime-core.esm-bundler.js:5477
run @ reactivity.esm-bundler.js:237
(匿名) @ runtime-core.esm-bundler.js:499
rerender @ runtime-core.esm-bundler.js:491
(匿名) @ runtime-core.esm-bundler.js:565
(匿名) @ index.vue:220
(匿名) @ client:66
(匿名) @ client:218
(匿名) @ client:196
queueUpdate @ client:196
await in queueUpdate
(匿名) @ client:839
handleMessage @ client:838
await in handleMessage
(匿名) @ client:458
dequeue @ client:480
(匿名) @ client:472
enqueue @ client:466
(匿名) @ client:458
onMessage @ client:305
(匿名) @ client:413
index.vue?t=1780664077404:436 Property "episodeOptions" was accessed during render but is not defined on instance. Proxy(Object) {…} at <ElSelect>
at <ElCard>
at <VideoGenAi>
at <KeepAlive>
at <BaseTransition>
at <Transition>
at <RouterView>
at <ArtPageContent>
at <AppLayout>
at <RouterView>
at <ElConfigProvider>
at <App> (12) [{…}, {…}, {…}, {…}, {…}, {…}, {…}, {…}, {…}, {…}, {…}, {…}]
(匿名) @ select.vue:387
callWithErrorHandling @ runtime-core.esm-bundler.js:199
warn$1 @ runtime-core.esm-bundler.js:27
get @ runtime-core.esm-bundler.js:3196
(匿名) @ index.vue:34
(匿名) @ runtime-core.esm-bundler.js:695
(匿名) @ select.vue:456
callWithErrorHandling @ runtime-core.esm-bundler.js:199
callWithAsyncErrorHandling @ runtime-core.esm-bundler.js:206
(匿名) @ runtime-core.esm-bundler.js:6280
(匿名) @ reactivity.esm-bundler.js:1774
run @ reactivity.esm-bundler.js:237
(匿名) @ reactivity.esm-bundler.js:1823
watch @ reactivity.esm-bundler.js:1873
doWatch @ runtime-core.esm-bundler.js:6308
watch @ runtime-core.esm-bundler.js:6241
setup @ select.vue:454
callWithErrorHandling @ runtime-core.esm-bundler.js:199
setupStatefulComponent @ runtime-core.esm-bundler.js:7996
setupComponent @ runtime-core.esm-bundler.js:7957
(匿名) @ runtime-core.esm-bundler.js:5285
(匿名) @ runtime-core.esm-bundler.js:5251
(匿名) @ runtime-core.esm-bundler.js:4767
(匿名) @ runtime-core.esm-bundler.js:5710
(匿名) @ runtime-core.esm-bundler.js:5582
(匿名) @ runtime-core.esm-bundler.js:5054
(匿名) @ runtime-core.esm-bundler.js:4900
(匿名) @ runtime-core.esm-bundler.js:4755
(匿名) @ runtime-core.esm-bundler.js:5668
(匿名) @ runtime-core.esm-bundler.js:5582
(匿名) @ runtime-core.esm-bundler.js:5054
(匿名) @ runtime-core.esm-bundler.js:4900
(匿名) @ runtime-core.esm-bundler.js:4755
(匿名) @ runtime-core.esm-bundler.js:5668
(匿名) @ runtime-core.esm-bundler.js:5582
(匿名) @ runtime-core.esm-bundler.js:5225
(匿名) @ runtime-core.esm-bundler.js:4741
(匿名) @ runtime-core.esm-bundler.js:5668
(匿名) @ runtime-core.esm-bundler.js:5582
(匿名) @ runtime-core.esm-bundler.js:5054
(匿名) @ runtime-core.esm-bundler.js:4900
(匿名) @ runtime-core.esm-bundler.js:4755
(匿名) @ runtime-core.esm-bundler.js:5668
(匿名) @ runtime-core.esm-bundler.js:5582
(匿名) @ runtime-core.esm-bundler.js:5054
(匿名) @ runtime-core.esm-bundler.js:4900
(匿名) @ runtime-core.esm-bundler.js:4755
(匿名) @ runtime-core.esm-bundler.js:5477
run @ reactivity.esm-bundler.js:237
(匿名) @ runtime-core.esm-bundler.js:5328
(匿名) @ runtime-core.esm-bundler.js:5262
(匿名) @ runtime-core.esm-bundler.js:4767
(匿名) @ runtime-core.esm-bundler.js:5668
(匿名) @ runtime-core.esm-bundler.js:5582
(匿名) @ runtime-core.esm-bundler.js:5054
(匿名) @ runtime-core.esm-bundler.js:4900
(匿名) @ runtime-core.esm-bundler.js:4755
(匿名) @ runtime-core.esm-bundler.js:5477
run @ reactivity.esm-bundler.js:237
(匿名) @ runtime-core.esm-bundler.js:499
rerender @ runtime-core.esm-bundler.js:491
(匿名) @ runtime-core.esm-bundler.js:565
(匿名) @ index.vue:220
(匿名) @ client:66
(匿名) @ client:218
(匿名) @ client:196
queueUpdate @ client:196
await in queueUpdate
(匿名) @ client:839
handleMessage @ client:838
await in handleMessage
(匿名) @ client:458
dequeue @ client:480
(匿名) @ client:472
enqueue @ client:466
(匿名) @ client:458
onMessage @ client:305
(匿名) @ client:413
index.vue?t=1780664077404:436 Property "episodeOptions" was accessed during render but is not defined on instance. Proxy(Object) {…} at <ElOptions>
at <ElScrollbar>
at <ElSelectDropdown>
at <ElFocusTrap>
at <ElPopperContent>
at <BaseTransition>
at <Transition>
at <Teleport>
at <ElTooltipContent>
at <ElPopper>
at <ElTooltip>
at <ElSelect>
at <ElCard>
at <VideoGenAi>
at <KeepAlive>
at <BaseTransition>
at <Transition>
at <RouterView>
at <ArtPageContent>
at <AppLayout>
at <RouterView>
at <ElConfigProvider>
at <App> (23) [{…}, {…}, {…}, {…}, {…}, {…}, {…}, {…}, {…}, {…}, {…}, {…}, {…}, {…}, {…}, {…}, {…}, {…}, {…}, {…}, {…}, {…}, {…}]
(匿名) @ select.vue:387
callWithErrorHandling @ runtime-core.esm-bundler.js:199
warn$1 @ runtime-core.esm-bundler.js:27
get @ runtime-core.esm-bundler.js:3196
(匿名) @ index.vue:34
(匿名) @ runtime-core.esm-bundler.js:695
renderSlot @ runtime-core.esm-bundler.js:3045
(匿名) @ select.vue:204
(匿名) @ runtime-core.esm-bundler.js:695
(匿名) @ options.ts:12
renderComponentRoot @ runtime-core.esm-bundler.js:6590
(匿名) @ runtime-core.esm-bundler.js:5390
run @ reactivity.esm-bundler.js:237
(匿名) @ runtime-core.esm-bundler.js:5525
(匿名) @ runtime-core.esm-bundler.js:5299
(匿名) @ runtime-core.esm-bundler.js:5251
(匿名) @ runtime-core.esm-bundler.js:4767
(匿名) @ runtime-core.esm-bundler.js:5001
(匿名) @ runtime-core.esm-bundler.js:5181
(匿名) @ runtime-core.esm-bundler.js:4741
(匿名) @ runtime-core.esm-bundler.js:5001
(匿名) @ runtime-core.esm-bundler.js:4924
(匿名) @ runtime-core.esm-bundler.js:4889
(匿名) @ runtime-core.esm-bundler.js:4755
(匿名) @ runtime-core.esm-bundler.js:5001
(匿名) @ runtime-core.esm-bundler.js:4924
(匿名) @ runtime-core.esm-bundler.js:4889
(匿名) @ runtime-core.esm-bundler.js:4755
(匿名) @ runtime-core.esm-bundler.js:5001
(匿名) @ runtime-core.esm-bundler.js:4924
(匿名) @ runtime-core.esm-bundler.js:4889
(匿名) @ runtime-core.esm-bundler.js:4755
(匿名) @ runtime-core.esm-bundler.js:5397
run @ reactivity.esm-bundler.js:237
(匿名) @ runtime-core.esm-bundler.js:5525
(匿名) @ runtime-core.esm-bundler.js:5299
(匿名) @ runtime-core.esm-bundler.js:5251
(匿名) @ runtime-core.esm-bundler.js:4767
(匿名) @ runtime-core.esm-bundler.js:5001
(匿名) @ runtime-core.esm-bundler.js:5181
(匿名) @ runtime-core.esm-bundler.js:4741
(匿名) @ runtime-core.esm-bundler.js:5001
(匿名) @ runtime-core.esm-bundler.js:4924
(匿名) @ runtime-core.esm-bundler.js:4889
(匿名) @ runtime-core.esm-bundler.js:4755
(匿名) @ runtime-core.esm-bundler.js:5397
run @ reactivity.esm-bundler.js:237
(匿名) @ runtime-core.esm-bundler.js:5525
(匿名) @ runtime-core.esm-bundler.js:5299
(匿名) @ runtime-core.esm-bundler.js:5251
(匿名) @ runtime-core.esm-bundler.js:4767
(匿名) @ runtime-core.esm-bundler.js:5001
(匿名) @ runtime-core.esm-bundler.js:5181
(匿名) @ runtime-core.esm-bundler.js:4741
(匿名) @ runtime-core.esm-bundler.js:5001
(匿名) @ runtime-core.esm-bundler.js:5181
(匿名) @ runtime-core.esm-bundler.js:4741
(匿名) @ runtime-core.esm-bundler.js:5001
(匿名) @ runtime-core.esm-bundler.js:5181
(匿名) @ runtime-core.esm-bundler.js:4741
(匿名) @ runtime-core.esm-bundler.js:5001
(匿名) @ runtime-core.esm-bundler.js:5181
(匿名) @ runtime-core.esm-bundler.js:4741
(匿名) @ runtime-core.esm-bundler.js:5397
run @ reactivity.esm-bundler.js:237
(匿名) @ runtime-core.esm-bundler.js:5525
(匿名) @ runtime-core.esm-bundler.js:5299
(匿名) @ runtime-core.esm-bundler.js:5251
(匿名) @ runtime-core.esm-bundler.js:4767
(匿名) @ runtime-core.esm-bundler.js:5001
(匿名) @ runtime-core.esm-bundler.js:4924
(匿名) @ runtime-core.esm-bundler.js:4889
(匿名) @ runtime-core.esm-bundler.js:4755
(匿名) @ runtime-core.esm-bundler.js:5397
run @ reactivity.esm-bundler.js:237
(匿名) @ runtime-core.esm-bundler.js:5525
(匿名) @ runtime-core.esm-bundler.js:5299
(匿名) @ runtime-core.esm-bundler.js:5251
(匿名) @ runtime-core.esm-bundler.js:4767
(匿名) @ runtime-core.esm-bundler.js:5397
run @ reactivity.esm-bundler.js:237
(匿名) @ runtime-core.esm-bundler.js:5525
(匿名) @ runtime-core.esm-bundler.js:5299
(匿名) @ runtime-core.esm-bundler.js:5251
(匿名) @ runtime-core.esm-bundler.js:4767
(匿名) @ runtime-core.esm-bundler.js:5397
run @ reactivity.esm-bundler.js:237
(匿名) @ runtime-core.esm-bundler.js:5525
(匿名) @ runtime-core.esm-bundler.js:5299
(匿名) @ runtime-core.esm-bundler.js:5251
(匿名) @ runtime-core.esm-bundler.js:4767
(匿名) @ runtime-core.esm-bundler.js:5001
(匿名) @ runtime-core.esm-bundler.js:5181
(匿名) @ runtime-core.esm-bundler.js:4741
(匿名) @ runtime-core.esm-bundler.js:5001
(匿名) @ runtime-core.esm-bundler.js:824
(匿名) @ runtime-core.esm-bundler.js:849
process @ runtime-core.esm-bundler.js:871
(匿名) @ runtime-core.esm-bundler.js:4779
(匿名) @ runtime-core.esm-bundler.js:5397
run @ reactivity.esm-bundler.js:237
(匿名) @ runtime-core.esm-bundler.js:5525
(匿名) @ runtime-core.esm-bundler.js:5299
(匿名) @ runtime-core.esm-bundler.js:5251
(匿名) @ runtime-core.esm-bundler.js:4767
(匿名) @ runtime-core.esm-bundler.js:5397
run @ reactivity.esm-bundler.js:237
(匿名) @ runtime-core.esm-bundler.js:5525
(匿名) @ runtime-core.esm-bundler.js:5299
(匿名) @ runtime-core.esm-bundler.js:5251
(匿名) @ runtime-core.esm-bundler.js:4767
(匿名) @ runtime-core.esm-bundler.js:5001
(匿名) @ runtime-core.esm-bundler.js:5181
(匿名) @ runtime-core.esm-bundler.js:4741
(匿名) @ runtime-core.esm-bundler.js:5397
run @ reactivity.esm-bundler.js:237
(匿名) @ runtime-core.esm-bundler.js:5525
(匿名) @ runtime-core.esm-bundler.js:5299
(匿名) @ runtime-core.esm-bundler.js:5251
(匿名) @ runtime-core.esm-bundler.js:4767
(匿名) @ runtime-core.esm-bundler.js:5397
run @ reactivity.esm-bundler.js:237
(匿名) @ runtime-core.esm-bundler.js:5525
(匿名) @ runtime-core.esm-bundler.js:5299
(匿名) @ runtime-core.esm-bundler.js:5251
(匿名) @ runtime-core.esm-bundler.js:4767
(匿名) @ runtime-core.esm-bundler.js:5001
(匿名) @ runtime-core.esm-bundler.js:4924
(匿名) @ runtime-core.esm-bundler.js:4889
(匿名) @ runtime-core.esm-bundler.js:4755
(匿名) @ runtime-core.esm-bundler.js:5397
run @ reactivity.esm-bundler.js:237
(匿名) @ runtime-core.esm-bundler.js:5525
(匿名) @ runtime-core.esm-bundler.js:5299
(匿名) @ runtime-core.esm-bundler.js:5251
(匿名) @ runtime-core.esm-bundler.js:4767
(匿名) @ runtime-core.esm-bundler.js:5710
(匿名) @ runtime-core.esm-bundler.js:5582
(匿名) @ runtime-core.esm-bundler.js:5054
(匿名) @ runtime-core.esm-bundler.js:4900
(匿名) @ runtime-core.esm-bundler.js:4755
(匿名) @ runtime-core.esm-bundler.js:5668
(匿名) @ runtime-core.esm-bundler.js:5582
(匿名) @ runtime-core.esm-bundler.js:5054
(匿名) @ runtime-core.esm-bundler.js:4900
(匿名) @ runtime-core.esm-bundler.js:4755
(匿名) @ runtime-core.esm-bundler.js:5668
(匿名) @ runtime-core.esm-bundler.js:5582
(匿名) @ runtime-core.esm-bundler.js:5225
(匿名) @ runtime-core.esm-bundler.js:4741
(匿名) @ runtime-core.esm-bundler.js:5668
(匿名) @ runtime-core.esm-bundler.js:5582
(匿名) @ runtime-core.esm-bundler.js:5054
(匿名) @ runtime-core.esm-bundler.js:4900
(匿名) @ runtime-core.esm-bundler.js:4755
(匿名) @ runtime-core.esm-bundler.js:5668
(匿名) @ runtime-core.esm-bundler.js:5582
(匿名) @ runtime-core.esm-bundler.js:5054
(匿名) @ runtime-core.esm-bundler.js:4900
(匿名) @ runtime-core.esm-bundler.js:4755
(匿名) @ runtime-core.esm-bundler.js:5477
run @ reactivity.esm-bundler.js:237
(匿名) @ runtime-core.esm-bundler.js:5328
(匿名) @ runtime-core.esm-bundler.js:5262
(匿名) @ runtime-core.esm-bundler.js:4767
(匿名) @ runtime-core.esm-bundler.js:5668
(匿名) @ runtime-core.esm-bundler.js:5582
(匿名) @ runtime-core.esm-bundler.js:5054
(匿名) @ runtime-core.esm-bundler.js:4900
(匿名) @ runtime-core.esm-bundler.js:4755
(匿名) @ runtime-core.esm-bundler.js:5477
run @ reactivity.esm-bundler.js:237
(匿名) @ runtime-core.esm-bundler.js:499
rerender @ runtime-core.esm-bundler.js:491
(匿名) @ runtime-core.esm-bundler.js:565
(匿名) @ index.vue:220
(匿名) @ client:66
(匿名) @ client:218
(匿名) @ client:196
queueUpdate @ client:196
await in queueUpdate
(匿名) @ client:839
handleMessage @ client:838
await in handleMessage
(匿名) @ client:458
dequeue @ client:480
(匿名) @ client:472
enqueue @ client:466
(匿名) @ client:458
onMessage @ client:305
(匿名) @ client:413
index.vue?t=1780664077404:436 Property "episodeOptions" was accessed during render but is not defined on instance. Proxy(Object) {…} at <ElOptions>
at <ElScrollbar>
at <ElSelectDropdown>
at <ElFocusTrap>
at <ElPopperContent>
at <BaseTransition>
at <Transition>
at <Teleport>
at <ElTooltipContent>
at <ElPopper>
at <ElTooltip>
at <ElSelect>
at <ElCard>
at <VideoGenAi>
at <KeepAlive>
at <BaseTransition>
at <Transition>
at <RouterView>
at <ArtPageContent>
at <AppLayout>
at <RouterView>
at <ElConfigProvider>
at <App> (23) [{…}, {…}, {…}, {…}, {…}, {…}, {…}, {…}, {…}, {…}, {…}, {…}, {…}, {…}, {…}, {…}, {…}, {…}, {…}, {…}, {…}, {…}, {…}]
(匿名) @ select.vue:387
callWithErrorHandling @ runtime-core.esm-bundler.js:199
warn$1 @ runtime-core.esm-bundler.js:27
get @ runtime-core.esm-bundler.js:3196
(匿名) @ index.vue:34
(匿名) @ runtime-core.esm-bundler.js:695
renderSlot @ runtime-core.esm-bundler.js:3045
(匿名) @ select.vue:204
(匿名) @ runtime-core.esm-bundler.js:695
(匿名) @ options.ts:12
renderComponentRoot @ runtime-core.esm-bundler.js:6590
(匿名) @ runtime-core.esm-bundler.js:5468
run @ reactivity.esm-bundler.js:237
(匿名) @ runtime-core.esm-bundler.js:5328
(匿名) @ runtime-core.esm-bundler.js:5262
(匿名) @ runtime-core.esm-bundler.js:4767
(匿名) @ runtime-core.esm-bundler.js:5668
(匿名) @ runtime-core.esm-bundler.js:5582
(匿名) @ runtime-core.esm-bundler.js:5225
(匿名) @ runtime-core.esm-bundler.js:4741
(匿名) @ runtime-core.esm-bundler.js:5123
(匿名) @ runtime-core.esm-bundler.js:5041
(匿名) @ runtime-core.esm-bundler.js:4900
(匿名) @ runtime-core.esm-bundler.js:4755
(匿名) @ runtime-core.esm-bundler.js:5123
(匿名) @ runtime-core.esm-bundler.js:5041
(匿名) @ runtime-core.esm-bundler.js:4900
(匿名) @ runtime-core.esm-bundler.js:4755
(匿名) @ runtime-core.esm-bundler.js:5477
run @ reactivity.esm-bundler.js:237
(匿名) @ runtime-core.esm-bundler.js:5328
(匿名) @ runtime-core.esm-bundler.js:5262
(匿名) @ runtime-core.esm-bundler.js:4767
(匿名) @ runtime-core.esm-bundler.js:5668
(匿名) @ runtime-core.esm-bundler.js:5582
(匿名) @ runtime-core.esm-bundler.js:5225
(匿名) @ runtime-core.esm-bundler.js:4741
(匿名) @ runtime-core.esm-bundler.js:5123
(匿名) @ runtime-core.esm-bundler.js:5041
(匿名) @ runtime-core.esm-bundler.js:4900
(匿名) @ runtime-core.esm-bundler.js:4755
(匿名) @ runtime-core.esm-bundler.js:5477
run @ reactivity.esm-bundler.js:237
(匿名) @ runtime-core.esm-bundler.js:5328
(匿名) @ runtime-core.esm-bundler.js:5262
(匿名) @ runtime-core.esm-bundler.js:4767
(匿名) @ runtime-core.esm-bundler.js:5668
(匿名) @ runtime-core.esm-bundler.js:5582
(匿名) @ runtime-core.esm-bundler.js:5225
(匿名) @ runtime-core.esm-bundler.js:4741
(匿名) @ runtime-core.esm-bundler.js:5668
(匿名) @ runtime-core.esm-bundler.js:5582
(匿名) @ runtime-core.esm-bundler.js:5225
(匿名) @ runtime-core.esm-bundler.js:4741
(匿名) @ runtime-core.esm-bundler.js:5668
(匿名) @ runtime-core.esm-bundler.js:5582
(匿名) @ runtime-core.esm-bundler.js:5225
(匿名) @ runtime-core.esm-bundler.js:4741
(匿名) @ runtime-core.esm-bundler.js:5668
(匿名) @ runtime-core.esm-bundler.js:5582
(匿名) @ runtime-core.esm-bundler.js:5225
(匿名) @ runtime-core.esm-bundler.js:4741
(匿名) @ runtime-core.esm-bundler.js:5477
run @ reactivity.esm-bundler.js:237
(匿名) @ runtime-core.esm-bundler.js:5328
(匿名) @ runtime-core.esm-bundler.js:5262
(匿名) @ runtime-core.esm-bundler.js:4767
(匿名) @ runtime-core.esm-bundler.js:5123
(匿名) @ runtime-core.esm-bundler.js:5041
(匿名) @ runtime-core.esm-bundler.js:4900
(匿名) @ runtime-core.esm-bundler.js:4755
(匿名) @ runtime-core.esm-bundler.js:5477
run @ reactivity.esm-bundler.js:237
(匿名) @ runtime-core.esm-bundler.js:5328
(匿名) @ runtime-core.esm-bundler.js:5262
(匿名) @ runtime-core.esm-bundler.js:4767
(匿名) @ runtime-core.esm-bundler.js:5477
run @ reactivity.esm-bundler.js:237
(匿名) @ runtime-core.esm-bundler.js:5328
(匿名) @ runtime-core.esm-bundler.js:5262
(匿名) @ runtime-core.esm-bundler.js:4767
(匿名) @ runtime-core.esm-bundler.js:5477
run @ reactivity.esm-bundler.js:237
(匿名) @ runtime-core.esm-bundler.js:5328
(匿名) @ runtime-core.esm-bundler.js:5262
(匿名) @ runtime-core.esm-bundler.js:4767
(匿名) @ runtime-core.esm-bundler.js:5668
(匿名) @ runtime-core.esm-bundler.js:5582
(匿名) @ runtime-core.esm-bundler.js:5225
(匿名) @ runtime-core.esm-bundler.js:4741
(匿名) @ runtime-core.esm-bundler.js:5123
process @ runtime-core.esm-bundler.js:905
(匿名) @ runtime-core.esm-bundler.js:4779
(匿名) @ runtime-core.esm-bundler.js:5477
run @ reactivity.esm-bundler.js:237
(匿名) @ runtime-core.esm-bundler.js:5328
(匿名) @ runtime-core.esm-bundler.js:5262
(匿名) @ runtime-core.esm-bundler.js:4767
(匿名) @ runtime-core.esm-bundler.js:5477
run @ reactivity.esm-bundler.js:237
(匿名) @ runtime-core.esm-bundler.js:5328
(匿名) @ runtime-core.esm-bundler.js:5262
(匿名) @ runtime-core.esm-bundler.js:4767
(匿名) @ runtime-core.esm-bundler.js:5668
(匿名) @ runtime-core.esm-bundler.js:5582
(匿名) @ runtime-core.esm-bundler.js:5225
(匿名) @ runtime-core.esm-bundler.js:4741
(匿名) @ runtime-core.esm-bundler.js:5477
run @ reactivity.esm-bundler.js:237
(匿名) @ runtime-core.esm-bundler.js:5328
(匿名) @ runtime-core.esm-bundler.js:5262
(匿名) @ runtime-core.esm-bundler.js:4767
(匿名) @ runtime-core.esm-bundler.js:5477
run @ reactivity.esm-bundler.js:237
(匿名) @ runtime-core.esm-bundler.js:5328
(匿名) @ runtime-core.esm-bundler.js:5262
(匿名) @ runtime-core.esm-bundler.js:4767
(匿名) @ runtime-core.esm-bundler.js:5123
(匿名) @ runtime-core.esm-bundler.js:5041
(匿名) @ runtime-core.esm-bundler.js:4900
(匿名) @ runtime-core.esm-bundler.js:4755
(匿名) @ runtime-core.esm-bundler.js:5477
run @ reactivity.esm-bundler.js:237
runIfDirty @ reactivity.esm-bundler.js:275
callWithErrorHandling @ runtime-core.esm-bundler.js:199
flushJobs @ runtime-core.esm-bundler.js:408
flushJobs @ runtime-core.esm-bundler.js:430
Promise.then
queueFlush @ runtime-core.esm-bundler.js:322
queueJob @ runtime-core.esm-bundler.js:317
(匿名) @ runtime-core.esm-bundler.js:6292
(匿名) @ reactivity.esm-bundler.js:1854
trigger @ reactivity.esm-bundler.js:265
endBatch @ reactivity.esm-bundler.js:323
trigger @ reactivity.esm-bundler.js:741
(匿名) @ runtime-core.esm-bundler.js:4596
(匿名) @ runtime-core.esm-bundler.js:5533
(匿名) @ runtime-core.esm-bundler.js:5454
run @ reactivity.esm-bundler.js:237
(匿名) @ runtime-core.esm-bundler.js:5328
(匿名) @ runtime-core.esm-bundler.js:5262
(匿名) @ runtime-core.esm-bundler.js:4767
(匿名) @ runtime-core.esm-bundler.js:5668
(匿名) @ runtime-core.esm-bundler.js:5582
(匿名) @ runtime-core.esm-bundler.js:5054
(匿名) @ runtime-core.esm-bundler.js:4900
(匿名) @ runtime-core.esm-bundler.js:4755
(匿名) @ runtime-core.esm-bundler.js:5668
(匿名) @ runtime-core.esm-bundler.js:5582
(匿名) @ runtime-core.esm-bundler.js:5054
(匿名) @ runtime-core.esm-bundler.js:4900
(匿名) @ runtime-core.esm-bundler.js:4755
(匿名) @ runtime-core.esm-bundler.js:5668
(匿名) @ runtime-core.esm-bundler.js:5582
(匿名) @ runtime-core.esm-bundler.js:5225
(匿名) @ runtime-core.esm-bundler.js:4741
(匿名) @ runtime-core.esm-bundler.js:5668
(匿名) @ runtime-core.esm-bundler.js:5582
(匿名) @ runtime-core.esm-bundler.js:5054
(匿名) @ runtime-core.esm-bundler.js:4900
(匿名) @ runtime-core.esm-bundler.js:4755
(匿名) @ runtime-core.esm-bundler.js:5668
(匿名) @ runtime-core.esm-bundler.js:5582
(匿名) @ runtime-core.esm-bundler.js:5054
(匿名) @ runtime-core.esm-bundler.js:4900
(匿名) @ runtime-core.esm-bundler.js:4755
(匿名) @ runtime-core.esm-bundler.js:5477
run @ reactivity.esm-bundler.js:237
(匿名) @ runtime-core.esm-bundler.js:5328
(匿名) @ runtime-core.esm-bundler.js:5262
(匿名) @ runtime-core.esm-bundler.js:4767
(匿名) @ runtime-core.esm-bundler.js:5668
(匿名) @ runtime-core.esm-bundler.js:5582
(匿名) @ runtime-core.esm-bundler.js:5054
(匿名) @ runtime-core.esm-bundler.js:4900
(匿名) @ runtime-core.esm-bundler.js:4755
(匿名) @ runtime-core.esm-bundler.js:5477
run @ reactivity.esm-bundler.js:237
(匿名) @ runtime-core.esm-bundler.js:499
rerender @ runtime-core.esm-bundler.js:491
(匿名) @ runtime-core.esm-bundler.js:565
(匿名) @ index.vue:220
(匿名) @ client:66
(匿名) @ client:218
(匿名) @ client:196
queueUpdate @ client:196
await in queueUpdate
(匿名) @ client:839
handleMessage @ client:838
await in handleMessage
(匿名) @ client:458
dequeue @ client:480
(匿名) @ client:472
enqueue @ client:466
(匿名) @ client:458
onMessage @ client:305
(匿名) @ client:413
index.vue?t=1780664077404:436 Property "episodeOptions" was accessed during render but is not defined on instance. Proxy(Object) {…} at <ElOptions>
at <ElScrollbar>
at <ElSelectDropdown>
at <ElFocusTrap>
at <ElPopperContent>
at <BaseTransition>
at <Transition>
at <Teleport>
at <ElTooltipContent>
at <ElPopper>
at <ElTooltip>
at <ElSelect>
at <ElCard>
at <VideoGenAi>
at <KeepAlive>
at <BaseTransition>
at <Transition>
at <RouterView>
at <ArtPageContent>
at <AppLayout>
at <RouterView>
at <ElConfigProvider>
at <App> (23) [{…}, {…}, {…}, {…}, {…}, {…}, {…}, {…}, {…}, {…}, {…}, {…}, {…}, {…}, {…}, {…}, {…}, {…}, {…}, {…}, {…}, {…}, {…}]
(匿名) @ select.vue:387
callWithErrorHandling @ runtime-core.esm-bundler.js:199
warn$1 @ runtime-core.esm-bundler.js:27
get @ runtime-core.esm-bundler.js:3196
(匿名) @ index.vue:34
(匿名) @ runtime-core.esm-bundler.js:695
renderSlot @ runtime-core.esm-bundler.js:3045
(匿名) @ select.vue:204
(匿名) @ runtime-core.esm-bundler.js:695
(匿名) @ options.ts:12
renderComponentRoot @ runtime-core.esm-bundler.js:6590
(匿名) @ runtime-core.esm-bundler.js:5468
run @ reactivity.esm-bundler.js:237
(匿名) @ runtime-core.esm-bundler.js:5328
(匿名) @ runtime-core.esm-bundler.js:5262
(匿名) @ runtime-core.esm-bundler.js:4767
(匿名) @ runtime-core.esm-bundler.js:5668
(匿名) @ runtime-core.esm-bundler.js:5582
(匿名) @ runtime-core.esm-bundler.js:5225
(匿名) @ runtime-core.esm-bundler.js:4741
(匿名) @ runtime-core.esm-bundler.js:5123
(匿名) @ runtime-core.esm-bundler.js:5041
(匿名) @ runtime-core.esm-bundler.js:4900
(匿名) @ runtime-core.esm-bundler.js:4755
(匿名) @ runtime-core.esm-bundler.js:5123
(匿名) @ runtime-core.esm-bundler.js:5041
(匿名) @ runtime-core.esm-bundler.js:4900
(匿名) @ runtime-core.esm-bundler.js:4755
(匿名) @ runtime-core.esm-bundler.js:5477
run @ reactivity.esm-bundler.js:237
(匿名) @ runtime-core.esm-bundler.js:5328
(匿名) @ runtime-core.esm-bundler.js:5262
(匿名) @ runtime-core.esm-bundler.js:4767
(匿名) @ runtime-core.esm-bundler.js:5668
(匿名) @ runtime-core.esm-bundler.js:5582
(匿名) @ runtime-core.esm-bundler.js:5225
(匿名) @ runtime-core.esm-bundler.js:4741
(匿名) @ runtime-core.esm-bundler.js:5123
(匿名) @ runtime-core.esm-bundler.js:5041
(匿名) @ runtime-core.esm-bundler.js:4900
(匿名) @ runtime-core.esm-bundler.js:4755
(匿名) @ runtime-core.esm-bundler.js:5477
run @ reactivity.esm-bundler.js:237
(匿名) @ runtime-core.esm-bundler.js:5328
(匿名) @ runtime-core.esm-bundler.js:5262
(匿名) @ runtime-core.esm-bundler.js:4767
(匿名) @ runtime-core.esm-bundler.js:5668
(匿名) @ runtime-core.esm-bundler.js:5582
(匿名) @ runtime-core.esm-bundler.js:5225
(匿名) @ runtime-core.esm-bundler.js:4741
(匿名) @ runtime-core.esm-bundler.js:5668
(匿名) @ runtime-core.esm-bundler.js:5582
(匿名) @ runtime-core.esm-bundler.js:5225
(匿名) @ runtime-core.esm-bundler.js:4741
(匿名) @ runtime-core.esm-bundler.js:5668
(匿名) @ runtime-core.esm-bundler.js:5582
(匿名) @ runtime-core.esm-bundler.js:5225
(匿名) @ runtime-core.esm-bundler.js:4741
(匿名) @ runtime-core.esm-bundler.js:5668
(匿名) @ runtime-core.esm-bundler.js:5582
(匿名) @ runtime-core.esm-bundler.js:5225
(匿名) @ runtime-core.esm-bundler.js:4741
(匿名) @ runtime-core.esm-bundler.js:5477
run @ reactivity.esm-bundler.js:237
(匿名) @ runtime-core.esm-bundler.js:5328
(匿名) @ runtime-core.esm-bundler.js:5262
(匿名) @ runtime-core.esm-bundler.js:4767
(匿名) @ runtime-core.esm-bundler.js:5123
(匿名) @ runtime-core.esm-bundler.js:5041
(匿名) @ runtime-core.esm-bundler.js:4900
(匿名) @ runtime-core.esm-bundler.js:4755
(匿名) @ runtime-core.esm-bundler.js:5477
run @ reactivity.esm-bundler.js:237
runIfDirty @ reactivity.esm-bundler.js:275
callWithErrorHandling @ runtime-core.esm-bundler.js:199
flushJobs @ runtime-core.esm-bundler.js:408
Promise.then
queueFlush @ runtime-core.esm-bundler.js:322
queueJob @ runtime-core.esm-bundler.js:317
(匿名) @ runtime-core.esm-bundler.js:5519
trigger @ reactivity.esm-bundler.js:265
endBatch @ reactivity.esm-bundler.js:323
trigger @ reactivity.esm-bundler.js:741
set @ reactivity.esm-bundler.js:1031
(匿名) @ index.ts:11
forceUpdate @ index.mjs:1
(匿名) @ index.mjs:1
(匿名) @ index.mjs:1
(匿名) @ index.mjs:1
Promise.then
(匿名) @ index.mjs:1
(匿名) @ index.mjs:1
setOptions @ index.mjs:1
(匿名) @ index.mjs:1
(匿名) @ index.ts:60
callWithErrorHandling @ runtime-core.esm-bundler.js:199
callWithAsyncErrorHandling @ runtime-core.esm-bundler.js:206
(匿名) @ runtime-core.esm-bundler.js:6280
(匿名) @ reactivity.esm-bundler.js:1838
flushPreFlushCbs @ runtime-core.esm-bundler.js:356
(匿名) @ runtime-core.esm-bundler.js:5535
(匿名) @ runtime-core.esm-bundler.js:5454
run @ reactivity.esm-bundler.js:237
(匿名) @ runtime-core.esm-bundler.js:5328
(匿名) @ runtime-core.esm-bundler.js:5262
(匿名) @ runtime-core.esm-bundler.js:4767
(匿名) @ runtime-core.esm-bundler.js:5477
run @ reactivity.esm-bundler.js:237
(匿名) @ runtime-core.esm-bundler.js:5328
(匿名) @ runtime-core.esm-bundler.js:5262
(匿名) @ runtime-core.esm-bundler.js:4767
(匿名) @ runtime-core.esm-bundler.js:5477
run @ reactivity.esm-bundler.js:237
(匿名) @ runtime-core.esm-bundler.js:5328
(匿名) @ runtime-core.esm-bundler.js:5262
(匿名) @ runtime-core.esm-bundler.js:4767
(匿名) @ runtime-core.esm-bundler.js:5668
(匿名) @ runtime-core.esm-bundler.js:5582
(匿名) @ runtime-core.esm-bundler.js:5225
(匿名) @ runtime-core.esm-bundler.js:4741
(匿名) @ runtime-core.esm-bundler.js:5123
process @ runtime-core.esm-bundler.js:905
(匿名) @ runtime-core.esm-bundler.js:4779
(匿名) @ runtime-core.esm-bundler.js:5477
run @ reactivity.esm-bundler.js:237
(匿名) @ runtime-core.esm-bundler.js:5328
(匿名) @ runtime-core.esm-bundler.js:5262
(匿名) @ runtime-core.esm-bundler.js:4767
(匿名) @ runtime-core.esm-bundler.js:5477
run @ reactivity.esm-bundler.js:237
(匿名) @ runtime-core.esm-bundler.js:5328
(匿名) @ runtime-core.esm-bundler.js:5262
(匿名) @ runtime-core.esm-bundler.js:4767
(匿名) @ runtime-core.esm-bundler.js:5668
(匿名) @ runtime-core.esm-bundler.js:5582
(匿名) @ runtime-core.esm-bundler.js:5225
(匿名) @ runtime-core.esm-bundler.js:4741
(匿名) @ runtime-core.esm-bundler.js:5477
run @ reactivity.esm-bundler.js:237
(匿名) @ runtime-core.esm-bundler.js:5328
(匿名) @ runtime-core.esm-bundler.js:5262
(匿名) @ runtime-core.esm-bundler.js:4767
(匿名) @ runtime-core.esm-bundler.js:5477
run @ reactivity.esm-bundler.js:237
(匿名) @ runtime-core.esm-bundler.js:5328
(匿名) @ runtime-core.esm-bundler.js:5262
(匿名) @ runtime-core.esm-bundler.js:4767
(匿名) @ runtime-core.esm-bundler.js:5123
(匿名) @ runtime-core.esm-bundler.js:5041
(匿名) @ runtime-core.esm-bundler.js:4900
(匿名) @ runtime-core.esm-bundler.js:4755
(匿名) @ runtime-core.esm-bundler.js:5477
run @ reactivity.esm-bundler.js:237
runIfDirty @ reactivity.esm-bundler.js:275
callWithErrorHandling @ runtime-core.esm-bundler.js:199
flushJobs @ runtime-core.esm-bundler.js:408
flushJobs @ runtime-core.esm-bundler.js:430
Promise.then
queueFlush @ runtime-core.esm-bundler.js:322
queueJob @ runtime-core.esm-bundler.js:317
(匿名) @ runtime-core.esm-bundler.js:6292
(匿名) @ reactivity.esm-bundler.js:1854
trigger @ reactivity.esm-bundler.js:265
endBatch @ reactivity.esm-bundler.js:323
trigger @ reactivity.esm-bundler.js:741
(匿名) @ runtime-core.esm-bundler.js:4596
(匿名) @ runtime-core.esm-bundler.js:5533
(匿名) @ runtime-core.esm-bundler.js:5454
run @ reactivity.esm-bundler.js:237
(匿名) @ runtime-core.esm-bundler.js:5328
(匿名) @ runtime-core.esm-bundler.js:5262
(匿名) @ runtime-core.esm-bundler.js:4767
(匿名) @ runtime-core.esm-bundler.js:5668
(匿名) @ runtime-core.esm-bundler.js:5582
(匿名) @ runtime-core.esm-bundler.js:5054
(匿名) @ runtime-core.esm-bundler.js:4900
(匿名) @ runtime-core.esm-bundler.js:4755
(匿名) @ runtime-core.esm-bundler.js:5668
(匿名) @ runtime-core.esm-bundler.js:5582
(匿名) @ runtime-core.esm-bundler.js:5054
(匿名) @ runtime-core.esm-bundler.js:4900
(匿名) @ runtime-core.esm-bundler.js:4755
(匿名) @ runtime-core.esm-bundler.js:5668
(匿名) @ runtime-core.esm-bundler.js:5582
(匿名) @ runtime-core.esm-bundler.js:5225
(匿名) @ runtime-core.esm-bundler.js:4741
(匿名) @ runtime-core.esm-bundler.js:5668
(匿名) @ runtime-core.esm-bundler.js:5582
(匿名) @ runtime-core.esm-bundler.js:5054
(匿名) @ runtime-core.esm-bundler.js:4900
(匿名) @ runtime-core.esm-bundler.js:4755
(匿名) @ runtime-core.esm-bundler.js:5668
(匿名) @ runtime-core.esm-bundler.js:5582
(匿名) @ runtime-core.esm-bundler.js:5054
(匿名) @ runtime-core.esm-bundler.js:4900
(匿名) @ runtime-core.esm-bundler.js:4755
(匿名) @ runtime-core.esm-bundler.js:5477
run @ reactivity.esm-bundler.js:237
(匿名) @ runtime-core.esm-bundler.js:5328
(匿名) @ runtime-core.esm-bundler.js:5262
(匿名) @ runtime-core.esm-bundler.js:4767
(匿名) @ runtime-core.esm-bundler.js:5668
(匿名) @ runtime-core.esm-bundler.js:5582
(匿名) @ runtime-core.esm-bundler.js:5054
(匿名) @ runtime-core.esm-bundler.js:4900
(匿名) @ runtime-core.esm-bundler.js:4755
(匿名) @ runtime-core.esm-bundler.js:5477
run @ reactivity.esm-bundler.js:237
(匿名) @ runtime-core.esm-bundler.js:499
rerender @ runtime-core.esm-bundler.js:491
(匿名) @ runtime-core.esm-bundler.js:565
(匿名) @ index.vue:220
(匿名) @ client:66
(匿名) @ client:218
(匿名) @ client:196
queueUpdate @ client:196
await in queueUpdate
(匿名) @ client:839
handleMessage @ client:838
await in handleMessage
(匿名) @ client:458
dequeue @ client:480
(匿名) @ client:472
enqueue @ client:466
(匿名) @ client:458
onMessage @ client:305
(匿名) @ client:413
index.vue?t=1780664077404:436 Property "episodeOptions" was accessed during render but is not defined on instance. Proxy(Object) {…} at <ElOptions>
at <ElScrollbar>
at <ElSelectDropdown>
at <ElFocusTrap>
at <ElPopperContent>
at <BaseTransition>
at <Transition>
at <Teleport>
at <ElTooltipContent>
at <ElPopper>
at <ElTooltip>
at <ElSelect>
at <ElCard>
at <VideoGenAi>
at <KeepAlive>
at <BaseTransition>
at <Transition>
at <RouterView>
at <ArtPageContent>
at <AppLayout>
at <RouterView>
at <ElConfigProvider>
at <App> (23) [{…}, {…}, {…}, {…}, {…}, {…}, {…}, {…}, {…}, {…}, {…}, {…}, {…}, {…}, {…}, {…}, {…}, {…}, {…}, {…}, {…}, {…}, {…}]
(匿名) @ select.vue:387
callWithErrorHandling @ runtime-core.esm-bundler.js:199
warn$1 @ runtime-core.esm-bundler.js:27
get @ runtime-core.esm-bundler.js:3196
(匿名) @ index.vue:34
(匿名) @ runtime-core.esm-bundler.js:695
renderSlot @ runtime-core.esm-bundler.js:3045
(匿名) @ select.vue:204
(匿名) @ runtime-core.esm-bundler.js:695
(匿名) @ options.ts:12
renderComponentRoot @ runtime-core.esm-bundler.js:6590
(匿名) @ runtime-core.esm-bundler.js:5468
run @ reactivity.esm-bundler.js:237
(匿名) @ runtime-core.esm-bundler.js:5328
(匿名) @ runtime-core.esm-bundler.js:5262
(匿名) @ runtime-core.esm-bundler.js:4767
(匿名) @ runtime-core.esm-bundler.js:5668
(匿名) @ runtime-core.esm-bundler.js:5582
(匿名) @ runtime-core.esm-bundler.js:5225
(匿名) @ runtime-core.esm-bundler.js:4741
(匿名) @ runtime-core.esm-bundler.js:5123
(匿名) @ runtime-core.esm-bundler.js:5041
(匿名) @ runtime-core.esm-bundler.js:4900
(匿名) @ runtime-core.esm-bundler.js:4755
(匿名) @ runtime-core.esm-bundler.js:5123
(匿名) @ runtime-core.esm-bundler.js:5041
(匿名) @ runtime-core.esm-bundler.js:4900
(匿名) @ runtime-core.esm-bundler.js:4755
(匿名) @ runtime-core.esm-bundler.js:5477
run @ reactivity.esm-bundler.js:237
(匿名) @ runtime-core.esm-bundler.js:5328
(匿名) @ runtime-core.esm-bundler.js:5262
(匿名) @ runtime-core.esm-bundler.js:4767
(匿名) @ runtime-core.esm-bundler.js:5668
(匿名) @ runtime-core.esm-bundler.js:5582
(匿名) @ runtime-core.esm-bundler.js:5225
(匿名) @ runtime-core.esm-bundler.js:4741
(匿名) @ runtime-core.esm-bundler.js:5123
(匿名) @ runtime-core.esm-bundler.js:5041
(匿名) @ runtime-core.esm-bundler.js:4900
(匿名) @ runtime-core.esm-bundler.js:4755
(匿名) @ runtime-core.esm-bundler.js:5477
run @ reactivity.esm-bundler.js:237
(匿名) @ runtime-core.esm-bundler.js:5328
(匿名) @ runtime-core.esm-bundler.js:5262
(匿名) @ runtime-core.esm-bundler.js:4767
(匿名) @ runtime-core.esm-bundler.js:5668
(匿名) @ runtime-core.esm-bundler.js:5582
(匿名) @ runtime-core.esm-bundler.js:5225
(匿名) @ runtime-core.esm-bundler.js:4741
(匿名) @ runtime-core.esm-bundler.js:5668
(匿名) @ runtime-core.esm-bundler.js:5582
(匿名) @ runtime-core.esm-bundler.js:5225
(匿名) @ runtime-core.esm-bundler.js:4741
(匿名) @ runtime-core.esm-bundler.js:5668
(匿名) @ runtime-core.esm-bundler.js:5582
(匿名) @ runtime-core.esm-bundler.js:5225
(匿名) @ runtime-core.esm-bundler.js:4741
(匿名) @ runtime-core.esm-bundler.js:5668
(匿名) @ runtime-core.esm-bundler.js:5582
(匿名) @ runtime-core.esm-bundler.js:5225
(匿名) @ runtime-core.esm-bundler.js:4741
(匿名) @ runtime-core.esm-bundler.js:5477
run @ reactivity.esm-bundler.js:237
(匿名) @ runtime-core.esm-bundler.js:5328
(匿名) @ runtime-core.esm-bundler.js:5262
(匿名) @ runtime-core.esm-bundler.js:4767
(匿名) @ runtime-core.esm-bundler.js:5123
(匿名) @ runtime-core.esm-bundler.js:5041
(匿名) @ runtime-core.esm-bundler.js:4900
(匿名) @ runtime-core.esm-bundler.js:4755
(匿名) @ runtime-core.esm-bundler.js:5477
run @ reactivity.esm-bundler.js:237
runIfDirty @ reactivity.esm-bundler.js:275
callWithErrorHandling @ runtime-core.esm-bundler.js:199
flushJobs @ runtime-core.esm-bundler.js:408
Promise.then
queueFlush @ runtime-core.esm-bundler.js:322
queueJob @ runtime-core.esm-bundler.js:317
(匿名) @ runtime-core.esm-bundler.js:5519
trigger @ reactivity.esm-bundler.js:265
endBatch @ reactivity.esm-bundler.js:323
trigger @ reactivity.esm-bundler.js:741
set @ reactivity.esm-bundler.js:1031
(匿名) @ index.ts:11
forceUpdate @ index.mjs:1
(匿名) @ index.mjs:1
(匿名) @ index.mjs:1
(匿名) @ index.mjs:1
Promise.then
(匿名) @ index.mjs:1
(匿名) @ index.mjs:1
(匿名) @ index.ts:74
(匿名) @ use-content.ts:33
(匿名) @ index.mjs:1
Promise.then
(匿名) @ index.mjs:1
(匿名) @ index.ts:60
callWithErrorHandling @ runtime-core.esm-bundler.js:199
callWithAsyncErrorHandling @ runtime-core.esm-bundler.js:206
(匿名) @ runtime-core.esm-bundler.js:6280
(匿名) @ reactivity.esm-bundler.js:1838
flushPreFlushCbs @ runtime-core.esm-bundler.js:356
(匿名) @ runtime-core.esm-bundler.js:5535
(匿名) @ runtime-core.esm-bundler.js:5454
run @ reactivity.esm-bundler.js:237
(匿名) @ runtime-core.esm-bundler.js:5328
(匿名) @ runtime-core.esm-bundler.js:5262
(匿名) @ runtime-core.esm-bundler.js:4767
(匿名) @ runtime-core.esm-bundler.js:5477
run @ reactivity.esm-bundler.js:237
(匿名) @ runtime-core.esm-bundler.js:5328
(匿名) @ runtime-core.esm-bundler.js:5262
(匿名) @ runtime-core.esm-bundler.js:4767
(匿名) @ runtime-core.esm-bundler.js:5477
run @ reactivity.esm-bundler.js:237
(匿名) @ runtime-core.esm-bundler.js:5328
(匿名) @ runtime-core.esm-bundler.js:5262
(匿名) @ runtime-core.esm-bundler.js:4767
(匿名) @ runtime-core.esm-bundler.js:5668
(匿名) @ runtime-core.esm-bundler.js:5582
(匿名) @ runtime-core.esm-bundler.js:5225
(匿名) @ runtime-core.esm-bundler.js:4741
(匿名) @ runtime-core.esm-bundler.js:5123
process @ runtime-core.esm-bundler.js:905
(匿名) @ runtime-core.esm-bundler.js:4779
(匿名) @ runtime-core.esm-bundler.js:5477
run @ reactivity.esm-bundler.js:237
(匿名) @ runtime-core.esm-bundler.js:5328
(匿名) @ runtime-core.esm-bundler.js:5262
(匿名) @ runtime-core.esm-bundler.js:4767
(匿名) @ runtime-core.esm-bundler.js:5477
run @ reactivity.esm-bundler.js:237
(匿名) @ runtime-core.esm-bundler.js:5328
(匿名) @ runtime-core.esm-bundler.js:5262
(匿名) @ runtime-core.esm-bundler.js:4767
(匿名) @ runtime-core.esm-bundler.js:5668
(匿名) @ runtime-core.esm-bundler.js:5582
(匿名) @ runtime-core.esm-bundler.js:5225
(匿名) @ runtime-core.esm-bundler.js:4741
(匿名) @ runtime-core.esm-bundler.js:5477
run @ reactivity.esm-bundler.js:237
(匿名) @ runtime-core.esm-bundler.js:5328
(匿名) @ runtime-core.esm-bundler.js:5262
(匿名) @ runtime-core.esm-bundler.js:4767
(匿名) @ runtime-core.esm-bundler.js:5477
run @ reactivity.esm-bundler.js:237
(匿名) @ runtime-core.esm-bundler.js:5328
(匿名) @ runtime-core.esm-bundler.js:5262
(匿名) @ runtime-core.esm-bundler.js:4767
(匿名) @ runtime-core.esm-bundler.js:5123
(匿名) @ runtime-core.esm-bundler.js:5041
(匿名) @ runtime-core.esm-bundler.js:4900
(匿名) @ runtime-core.esm-bundler.js:4755
(匿名) @ runtime-core.esm-bundler.js:5477
run @ reactivity.esm-bundler.js:237
runIfDirty @ reactivity.esm-bundler.js:275
callWithErrorHandling @ runtime-core.esm-bundler.js:199
flushJobs @ runtime-core.esm-bundler.js:408
flushJobs @ runtime-core.esm-bundler.js:430
Promise.then
queueFlush @ runtime-core.esm-bundler.js:322
queueJob @ runtime-core.esm-bundler.js:317
(匿名) @ runtime-core.esm-bundler.js:6292
(匿名) @ reactivity.esm-bundler.js:1854
trigger @ reactivity.esm-bundler.js:265
endBatch @ reactivity.esm-bundler.js:323
trigger @ reactivity.esm-bundler.js:741
(匿名) @ runtime-core.esm-bundler.js:4596
(匿名) @ runtime-core.esm-bundler.js:5533
(匿名) @ runtime-core.esm-bundler.js:5454
run @ reactivity.esm-bundler.js:237
(匿名) @ runtime-core.esm-bundler.js:5328
(匿名) @ runtime-core.esm-bundler.js:5262
(匿名) @ runtime-core.esm-bundler.js:4767
(匿名) @ runtime-core.esm-bundler.js:5668
(匿名) @ runtime-core.esm-bundler.js:5582
(匿名) @ runtime-core.esm-bundler.js:5054
(匿名) @ runtime-core.esm-bundler.js:4900
(匿名) @ runtime-core.esm-bundler.js:4755
(匿名) @ runtime-core.esm-bundler.js:5668
(匿名) @ runtime-core.esm-bundler.js:5582
(匿名) @ runtime-core.esm-bundler.js:5054
(匿名) @ runtime-core.esm-bundler.js:4900
(匿名) @ runtime-core.esm-bundler.js:4755
(匿名) @ runtime-core.esm-bundler.js:5668
(匿名) @ runtime-core.esm-bundler.js:5582
(匿名) @ runtime-core.esm-bundler.js:5225
(匿名) @ runtime-core.esm-bundler.js:4741
(匿名) @ runtime-core.esm-bundler.js:5668
(匿名) @ runtime-core.esm-bundler.js:5582
(匿名) @ runtime-core.esm-bundler.js:5054
(匿名) @ runtime-core.esm-bundler.js:4900
(匿名) @ runtime-core.esm-bundler.js:4755
(匿名) @ runtime-core.esm-bundler.js:5668
(匿名) @ runtime-core.esm-bundler.js:5582
(匿名) @ runtime-core.esm-bundler.js:5054
(匿名) @ runtime-core.esm-bundler.js:4900
(匿名) @ runtime-core.esm-bundler.js:4755
(匿名) @ runtime-core.esm-bundler.js:5477
run @ reactivity.esm-bundler.js:237
(匿名) @ runtime-core.esm-bundler.js:5328
(匿名) @ runtime-core.esm-bundler.js:5262
(匿名) @ runtime-core.esm-bundler.js:4767
(匿名) @ runtime-core.esm-bundler.js:5668
(匿名) @ runtime-core.esm-bundler.js:5582
(匿名) @ runtime-core.esm-bundler.js:5054
(匿名) @ runtime-core.esm-bundler.js:4900
(匿名) @ runtime-core.esm-bundler.js:4755
(匿名) @ runtime-core.esm-bundler.js:5477
run @ reactivity.esm-bundler.js:237
(匿名) @ runtime-core.esm-bundler.js:499
rerender @ runtime-core.esm-bundler.js:491
(匿名) @ runtime-core.esm-bundler.js:565
(匿名) @ index.vue:220
(匿名) @ client:66
(匿名) @ client:218
(匿名) @ client:196
queueUpdate @ client:196
await in queueUpdate
(匿名) @ client:839
handleMessage @ client:838
await in handleMessage
(匿名) @ client:458
dequeue @ client:480
(匿名) @ client:472
enqueue @ client:466
(匿名) @ client:458
onMessage @ client:305
(匿名) @ client:413
web-vitals.ts:13 [WebVitals] INP: 40.00ms (good)
