pinia.mjs:281 🍍 "userStore" store installed 🆕
web-vitals.ts:13 [WebVitals] FCP: 460.00ms (good)
pinia.mjs:281 🍍 "team" store installed 🆕
bus.ts:157 [DataFlow] 轻量级数据流总线已初始化 ✅
pinia.mjs:281 🍍 "notification" store installed 🆕
pinia.mjs:281 🍍 "review" store installed 🆕
pinia.mjs:281 🍍 "project" store installed 🆕
web-vitals.ts:13 [WebVitals] TTFB: 47.50ms (good)
ComponentLoader.ts:36 [ComponentLoader] 未找到组件: /team/settings，尝试过的路径: ../../views/team/settings.vue 和 ../../views/team/settings/index.vue
(匿名) @ ComponentLoader.ts:36
(匿名) @ RouteTransformer.ts:121
(匿名) @ RouteTransformer.ts:48
(匿名) @ RouteTransformer.ts:53
(匿名) @ RouteTransformer.ts:53
(匿名) @ RouteRegistry.ts:51
(匿名) @ RouteRegistry.ts:49
handleDynamicRoutes @ beforeEach.ts:308
await in handleDynamicRoutes
handleRouteGuard @ beforeEach.ts:188
anonymousCallbackTo: router.beforeEach @ beforeEach.ts:118
(匿名) @ vue-router.mjs:2107
(匿名) @ vue-router.mjs:2074
(匿名) @ vue-router.mjs:2107
(匿名) @ vue-router.mjs:2079
runWithContext @ runtime-core.esm-bundler.js:4065
runWithContext @ vue-router.mjs:3387
(匿名) @ vue-router.mjs:3743
Promise.then
(匿名) @ vue-router.mjs:3743
runGuardQueue @ vue-router.mjs:3743
(匿名) @ vue-router.mjs:3413
Promise.then
navigate @ vue-router.mjs:3406
pushWithRedirect @ vue-router.mjs:3327
push @ vue-router.mjs:3260
install @ vue-router.mjs:3704
use @ runtime-core.esm-bundler.js:3928
initRouter @ index.ts:19
bootstrap @ main.ts:25
globalCode: http://localhost:3006/src/main.ts @ main.ts:46
pinia.mjs:281 🍍 "worktabStore" store installed 🆕
pinia.mjs:281 🍍 "script-project" store installed 🆕
index.ts:465  GET http://localhost:3006/api/projects/d75badefb8347073a2c62265b0678c92/scripts/183b1fa8-1593-470a-b3f0-a437d7a81758/character-profiles 405 (Method Not Allowed)
dispatchXhrRequest @ xhr.js:198
(匿名) @ xhr.js:15
dispatchRequest @ dispatchRequest.js:51
Promise.then
_request @ Axios.js:163
request @ Axios.js:40
wrap @ bind.js:5
_doRequest @ index.ts:465
request @ index.ts:436
retryRequest @ index.ts:393
request @ index.ts:512
HttpAdapter.request @ http-adapter.ts:17
HttpAdapter.get @ http-adapter.ts:31
(匿名) @ script.ts:158
(匿名) @ script.ts:403
(匿名) @ query.ts:488
(匿名) @ retryer.ts:156
(匿名) @ retryer.ts:222
fetch @ query.ts:566
#executeFetch @ queryObserver.ts:342
setOptions @ queryObserver.ts:190
(匿名) @ useBaseQuery.ts:136
callWithErrorHandling @ runtime-core.esm-bundler.js:199
callWithAsyncErrorHandling @ runtime-core.esm-bundler.js:206
(匿名) @ runtime-core.esm-bundler.js:6280
(匿名) @ reactivity.esm-bundler.js:1838
callWithErrorHandling @ runtime-core.esm-bundler.js:199
flushJobs @ runtime-core.esm-bundler.js:408
Promise.then
queueFlush @ runtime-core.esm-bundler.js:322
queueJob @ runtime-core.esm-bundler.js:317
(匿名) @ runtime-core.esm-bundler.js:6292
(匿名) @ reactivity.esm-bundler.js:1854
trigger @ reactivity.esm-bundler.js:265
endBatch @ reactivity.esm-bundler.js:323
trigger @ reactivity.esm-bundler.js:741
set @ reactivity.esm-bundler.js:1031
(匿名) @ utils.ts:16
updateState @ utils.ts:15
(匿名) @ useBaseQuery.ts:127
(匿名) @ queryObserver.ts:735
(匿名) @ queryObserver.ts:734
(匿名) @ notifyManager.ts:56
#notify @ queryObserver.ts:731
updateResult @ queryObserver.ts:700
onQueryUpdate @ queryObserver.ts:723
(匿名) @ query.ts:702
(匿名) @ query.ts:701
(匿名) @ notifyManager.ts:56
#dispatch @ query.ts:700
setData @ query.ts:239
fetch @ query.ts:578
await in fetch
#executeFetch @ queryObserver.ts:342
onSubscribe @ queryObserver.ts:100
subscribe @ subscribable.ts:11
(匿名) @ useBaseQuery.ts:126
callWithErrorHandling @ runtime-core.esm-bundler.js:199
callWithAsyncErrorHandling @ runtime-core.esm-bundler.js:206
(匿名) @ runtime-core.esm-bundler.js:6280
(匿名) @ reactivity.esm-bundler.js:1838
watch @ reactivity.esm-bundler.js:1873
doWatch @ runtime-core.esm-bundler.js:6308
watch @ runtime-core.esm-bundler.js:6241
useBaseQuery @ useBaseQuery.ts:121
useQuery @ useQuery.ts:136
(匿名) @ script.ts:49
setup @ index.vue:240
callWithErrorHandling @ runtime-core.esm-bundler.js:199
setupStatefulComponent @ runtime-core.esm-bundler.js:7996
setupComponent @ runtime-core.esm-bundler.js:7957
(匿名) @ runtime-core.esm-bundler.js:5285
(匿名) @ runtime-core.esm-bundler.js:5251
(匿名) @ runtime-core.esm-bundler.js:4767
(匿名) @ runtime-core.esm-bundler.js:5397
run @ reactivity.esm-bundler.js:237
(匿名) @ runtime-core.esm-bundler.js:5525
(匿名) @ runtime-core.esm-bundler.js:5299
(匿名) @ runtime-core.esm-bundler.js:5251
(匿名) @ runtime-core.esm-bundler.js:4767
(匿名) @ runtime-core.esm-bundler.js:5397
run @ reactivity.esm-bundler.js:237
(匿名) @ runtime-core.esm-bundler.js:5525
(匿名) @ runtime-core.esm-bundler.js:5299
(匿名) @ runtime-core.esm-bundler.js:5251
(匿名) @ runtime-core.esm-bundler.js:4767
(匿名) @ runtime-core.esm-bundler.js:5397
run @ reactivity.esm-bundler.js:237
(匿名) @ runtime-core.esm-bundler.js:5525
(匿名) @ runtime-core.esm-bundler.js:5299
(匿名) @ runtime-core.esm-bundler.js:5251
(匿名) @ runtime-core.esm-bundler.js:4767
(匿名) @ runtime-core.esm-bundler.js:5001
(匿名) @ runtime-core.esm-bundler.js:5181
(匿名) @ runtime-core.esm-bundler.js:4741
(匿名) @ runtime-core.esm-bundler.js:5397
run @ reactivity.esm-bundler.js:237
(匿名) @ runtime-core.esm-bundler.js:5525
(匿名) @ runtime-core.esm-bundler.js:5299
(匿名) @ runtime-core.esm-bundler.js:5251
(匿名) @ runtime-core.esm-bundler.js:4767
(匿名) @ runtime-core.esm-bundler.js:5001
(匿名) @ runtime-core.esm-bundler.js:4924
(匿名) @ runtime-core.esm-bundler.js:4889
(匿名) @ runtime-core.esm-bundler.js:4755
(匿名) @ runtime-core.esm-bundler.js:5397
run @ reactivity.esm-bundler.js:237
(匿名) @ runtime-core.esm-bundler.js:5525
(匿名) @ runtime-core.esm-bundler.js:5299
(匿名) @ runtime-core.esm-bundler.js:5251
(匿名) @ runtime-core.esm-bundler.js:4767
(匿名) @ runtime-core.esm-bundler.js:5001
(匿名) @ runtime-core.esm-bundler.js:4924
(匿名) @ runtime-core.esm-bundler.js:4889
(匿名) @ runtime-core.esm-bundler.js:4755
(匿名) @ runtime-core.esm-bundler.js:5001
(匿名) @ runtime-core.esm-bundler.js:4924
(匿名) @ runtime-core.esm-bundler.js:4889
(匿名) @ runtime-core.esm-bundler.js:4755
(匿名) @ runtime-core.esm-bundler.js:5001
(匿名) @ runtime-core.esm-bundler.js:4924
(匿名) @ runtime-core.esm-bundler.js:4889
(匿名) @ runtime-core.esm-bundler.js:4755
(匿名) @ runtime-core.esm-bundler.js:5397
run @ reactivity.esm-bundler.js:237
(匿名) @ runtime-core.esm-bundler.js:5525
(匿名) @ runtime-core.esm-bundler.js:5299
(匿名) @ runtime-core.esm-bundler.js:5251
(匿名) @ runtime-core.esm-bundler.js:4767
(匿名) @ runtime-core.esm-bundler.js:5477
run @ reactivity.esm-bundler.js:237
runIfDirty @ reactivity.esm-bundler.js:275
callWithErrorHandling @ runtime-core.esm-bundler.js:199
flushJobs @ runtime-core.esm-bundler.js:408
Promise.then
queueFlush @ runtime-core.esm-bundler.js:322
queuePostFlushCb @ runtime-core.esm-bundler.js:336
queueEffectWithSuspense @ runtime-core.esm-bundler.js:7409
(匿名) @ runtime-core.esm-bundler.js:6284
(匿名) @ reactivity.esm-bundler.js:1854
trigger @ reactivity.esm-bundler.js:265
endBatch @ reactivity.esm-bundler.js:323
notify @ reactivity.esm-bundler.js:614
trigger @ reactivity.esm-bundler.js:588
value @ reactivity.esm-bundler.js:1472
finalizeNavigation @ vue-router.mjs:3503
(匿名) @ vue-router.mjs:3368
Promise.then
pushWithRedirect @ vue-router.mjs:3335
(匿名) @ vue-router.mjs:3351
Promise.then
pushWithRedirect @ vue-router.mjs:3335
push @ vue-router.mjs:3260
install @ vue-router.mjs:3704
use @ runtime-core.esm-bundler.js:3928
initRouter @ index.ts:19
bootstrap @ main.ts:25
globalCode: http://localhost:3006/src/main.ts @ main.ts:46
error.ts:187 [HTTP Error] {code: 405, message: '不支持的请求方法: GET', data: {…}, timestamp: '2026-06-07T14:59:56.644Z', serverTimestamp: 1780844396988, …}
(匿名) @ error.ts:187
_doRequest @ index.ts:491
await in _doRequest
request @ index.ts:436
retryRequest @ index.ts:393
request @ index.ts:512
HttpAdapter.request @ http-adapter.ts:17
HttpAdapter.get @ http-adapter.ts:31
(匿名) @ script.ts:158
(匿名) @ script.ts:403
(匿名) @ query.ts:488
(匿名) @ retryer.ts:156
(匿名) @ retryer.ts:222
fetch @ query.ts:566
#executeFetch @ queryObserver.ts:342
setOptions @ queryObserver.ts:190
(匿名) @ useBaseQuery.ts:136
callWithErrorHandling @ runtime-core.esm-bundler.js:199
callWithAsyncErrorHandling @ runtime-core.esm-bundler.js:206
(匿名) @ runtime-core.esm-bundler.js:6280
(匿名) @ reactivity.esm-bundler.js:1838
callWithErrorHandling @ runtime-core.esm-bundler.js:199
flushJobs @ runtime-core.esm-bundler.js:408
Promise.then
queueFlush @ runtime-core.esm-bundler.js:322
queueJob @ runtime-core.esm-bundler.js:317
(匿名) @ runtime-core.esm-bundler.js:6292
(匿名) @ reactivity.esm-bundler.js:1854
trigger @ reactivity.esm-bundler.js:265
endBatch @ reactivity.esm-bundler.js:323
trigger @ reactivity.esm-bundler.js:741
set @ reactivity.esm-bundler.js:1031
(匿名) @ utils.ts:16
updateState @ utils.ts:15
(匿名) @ useBaseQuery.ts:127
(匿名) @ queryObserver.ts:735
(匿名) @ queryObserver.ts:734
(匿名) @ notifyManager.ts:56
#notify @ queryObserver.ts:731
updateResult @ queryObserver.ts:700
onQueryUpdate @ queryObserver.ts:723
(匿名) @ query.ts:702
(匿名) @ query.ts:701
(匿名) @ notifyManager.ts:56
#dispatch @ query.ts:700
setData @ query.ts:239
fetch @ query.ts:578
await in fetch
#executeFetch @ queryObserver.ts:342
onSubscribe @ queryObserver.ts:100
subscribe @ subscribable.ts:11
(匿名) @ useBaseQuery.ts:126
callWithErrorHandling @ runtime-core.esm-bundler.js:199
callWithAsyncErrorHandling @ runtime-core.esm-bundler.js:206
(匿名) @ runtime-core.esm-bundler.js:6280
(匿名) @ reactivity.esm-bundler.js:1838
watch @ reactivity.esm-bundler.js:1873
doWatch @ runtime-core.esm-bundler.js:6308
watch @ runtime-core.esm-bundler.js:6241
useBaseQuery @ useBaseQuery.ts:121
useQuery @ useQuery.ts:136
(匿名) @ script.ts:49
setup @ index.vue:240
callWithErrorHandling @ runtime-core.esm-bundler.js:199
setupStatefulComponent @ runtime-core.esm-bundler.js:7996
setupComponent @ runtime-core.esm-bundler.js:7957
(匿名) @ runtime-core.esm-bundler.js:5285
(匿名) @ runtime-core.esm-bundler.js:5251
(匿名) @ runtime-core.esm-bundler.js:4767
(匿名) @ runtime-core.esm-bundler.js:5397
run @ reactivity.esm-bundler.js:237
(匿名) @ runtime-core.esm-bundler.js:5525
(匿名) @ runtime-core.esm-bundler.js:5299
(匿名) @ runtime-core.esm-bundler.js:5251
(匿名) @ runtime-core.esm-bundler.js:4767
(匿名) @ runtime-core.esm-bundler.js:5397
run @ reactivity.esm-bundler.js:237
(匿名) @ runtime-core.esm-bundler.js:5525
(匿名) @ runtime-core.esm-bundler.js:5299
(匿名) @ runtime-core.esm-bundler.js:5251
(匿名) @ runtime-core.esm-bundler.js:4767
(匿名) @ runtime-core.esm-bundler.js:5397
run @ reactivity.esm-bundler.js:237
(匿名) @ runtime-core.esm-bundler.js:5525
(匿名) @ runtime-core.esm-bundler.js:5299
(匿名) @ runtime-core.esm-bundler.js:5251
(匿名) @ runtime-core.esm-bundler.js:4767
(匿名) @ runtime-core.esm-bundler.js:5001
(匿名) @ runtime-core.esm-bundler.js:5181
(匿名) @ runtime-core.esm-bundler.js:4741
(匿名) @ runtime-core.esm-bundler.js:5397
run @ reactivity.esm-bundler.js:237
(匿名) @ runtime-core.esm-bundler.js:5525
(匿名) @ runtime-core.esm-bundler.js:5299
(匿名) @ runtime-core.esm-bundler.js:5251
(匿名) @ runtime-core.esm-bundler.js:4767
(匿名) @ runtime-core.esm-bundler.js:5001
(匿名) @ runtime-core.esm-bundler.js:4924
(匿名) @ runtime-core.esm-bundler.js:4889
(匿名) @ runtime-core.esm-bundler.js:4755
(匿名) @ runtime-core.esm-bundler.js:5397
run @ reactivity.esm-bundler.js:237
(匿名) @ runtime-core.esm-bundler.js:5525
(匿名) @ runtime-core.esm-bundler.js:5299
(匿名) @ runtime-core.esm-bundler.js:5251
(匿名) @ runtime-core.esm-bundler.js:4767
(匿名) @ runtime-core.esm-bundler.js:5001
(匿名) @ runtime-core.esm-bundler.js:4924
(匿名) @ runtime-core.esm-bundler.js:4889
(匿名) @ runtime-core.esm-bundler.js:4755
(匿名) @ runtime-core.esm-bundler.js:5001
(匿名) @ runtime-core.esm-bundler.js:4924
(匿名) @ runtime-core.esm-bundler.js:4889
(匿名) @ runtime-core.esm-bundler.js:4755
(匿名) @ runtime-core.esm-bundler.js:5001
(匿名) @ runtime-core.esm-bundler.js:4924
(匿名) @ runtime-core.esm-bundler.js:4889
(匿名) @ runtime-core.esm-bundler.js:4755
(匿名) @ runtime-core.esm-bundler.js:5397
run @ reactivity.esm-bundler.js:237
(匿名) @ runtime-core.esm-bundler.js:5525
(匿名) @ runtime-core.esm-bundler.js:5299
(匿名) @ runtime-core.esm-bundler.js:5251
(匿名) @ runtime-core.esm-bundler.js:4767
(匿名) @ runtime-core.esm-bundler.js:5477
run @ reactivity.esm-bundler.js:237
runIfDirty @ reactivity.esm-bundler.js:275
callWithErrorHandling @ runtime-core.esm-bundler.js:199
flushJobs @ runtime-core.esm-bundler.js:408
Promise.then
queueFlush @ runtime-core.esm-bundler.js:322
queuePostFlushCb @ runtime-core.esm-bundler.js:336
queueEffectWithSuspense @ runtime-core.esm-bundler.js:7409
(匿名) @ runtime-core.esm-bundler.js:6284
(匿名) @ reactivity.esm-bundler.js:1854
trigger @ reactivity.esm-bundler.js:265
endBatch @ reactivity.esm-bundler.js:323
notify @ reactivity.esm-bundler.js:614
trigger @ reactivity.esm-bundler.js:588
value @ reactivity.esm-bundler.js:1472
finalizeNavigation @ vue-router.mjs:3503
(匿名) @ vue-router.mjs:3368
Promise.then
pushWithRedirect @ vue-router.mjs:3335
(匿名) @ vue-router.mjs:3351
Promise.then
pushWithRedirect @ vue-router.mjs:3335
push @ vue-router.mjs:3260
install @ vue-router.mjs:3704
use @ runtime-core.esm-bundler.js:3928
initRouter @ index.ts:19
bootstrap @ main.ts:25
globalCode: http://localhost:3006/src/main.ts @ main.ts:46
content_main.js:4683 This page uses the built-in LanguageDetector feature. To learn more and leave feedback, see https://learn.microsoft.com/microsoft-edge/web-platform/languagedetector-api
web-vitals.ts:13 [WebVitals] INP: 0.00ms (good)
web-vitals.ts:13 [WebVitals] CLS: 0.00ms (good)
web-vitals.ts:13 [WebVitals] LCP: 2276.00ms (good)
