pinia.mjs:281 🍍 "userStore" store installed 🆕
web-vitals.ts:13 [WebVitals] FCP: 244.00ms (good)
web-vitals.ts:13 [WebVitals] TTFB: 44.70ms (good)
bus.ts:149 [DataFlow] 统一数据流转平台已初始化 ✅
pinia.mjs:281 🍍 "team" store installed 🆕
pinia.mjs:281 🍍 "notification" store installed 🆕
pinia.mjs:281 🍍 "review" store installed 🆕
pinia.mjs:281 🍍 "project" store installed 🆕
pinia.mjs:281 🍍 "worktabStore" store installed 🆕
web-vitals.ts:13 [WebVitals] LCP: 1380.00ms (good)
web-vitals.ts:13 [WebVitals] INP: 80.00ms (good)
web-vitals.ts:13 [WebVitals] CLS: 0.01ms (good)
// 查看所有 sessionStorage 的 key
console.log('=== sessionStorage keys ===')
for (let i = 0; i < sessionStorage.length; i++) {
  const key = sessionStorage.key(i)
  console.log(key)
}

// 查看所有 localStorage 的 key
console.log('\n=== localStorage keys ===')
for (let i = 0; i < localStorage.length; i++) {
  const key = localStorage.key(i)
  if (key.includes('user') || key.includes('sys-')) {
    console.log(key, '->', localStorage.getItem(key).substring(0, 100) + '...')
  }
}

// 尝试使用带版本号的 key
console.log('\n=== 尝试读取用户数据 ===')
const version = '3.0.2' // 当前版本
const possibleKeys = [
  'user',
  `sys-v${version}-user`,
  `sys-v${version}-userStore`
]

possibleKeys.forEach(key => {
  const sessionData = sessionStorage.getItem(key)
  const localData = localStorage.getItem(key)
  if (sessionData) console.log(`sessionStorage[${key}]:`, JSON.parse(sessionData))
  if (localData) console.log(`localStorage[${key}]:`, JSON.parse(localData))
})
VM1009:2 === sessionStorage keys ===
VM1009:5 sys-v3.0.2-user
VM1009:9 
=== localStorage keys ===
VM1009:13 sys-version -> 3.0.2...
VM1009:13 sys-theme -> light...
VM1009:13 sys-v3.0.2-table -> {"tableSize":"small","isZebra":false,"isBorder":false,"isHeaderBackground":false,"isFullScreen":fals...
VM1009:13 sys-v3.0.2-worktab -> {"current":{},"opened":[],"keepAliveExclude":["AdminTeams","BusinessSettings","Exception500","Busine...
VM1009:13 sys-v3.0.2-user -> {"language":"zh","isLogin":true,"isLock":false,"lockPassword":"","info":{"buttons":["*"],"roles":["R...
VM1009:13 sys-v3.0.2-setting -> {"menuType":"dual-menu","menuOpenWidth":230,"menuOpen":true,"dualMenuShowText":true,"systemThemeType...
VM1009:18 
=== 尝试读取用户数据 ===
VM1009:29 sessionStorage[sys-v3.0.2-user]: {isLogin: true, isLock: false, lockPassword: '', info: {…}, searchHistory: Array(0), …}
VM1009:30 localStorage[sys-v3.0.2-user]: {language: 'zh', isLogin: true, isLock: false, lockPassword: '', info: {…}, …}
undefined
