pinia.mjs:281 🍍 "userStore" store installed 🆕
web-vitals.ts:13 [WebVitals] FCP: 324.00ms (good)
bus.ts:157 [DataFlow] 轻量级数据流总线已初始化 ✅
pinia.mjs:281 🍍 "team" store installed 🆕
pinia.mjs:281 🍍 "notification" store installed 🆕
pinia.mjs:281 🍍 "review" store installed 🆕
pinia.mjs:281 🍍 "project" store installed 🆕
web-vitals.ts:13 [WebVitals] TTFB: 13.00ms (good)
ComponentLoader.ts:36 [ComponentLoader] 未找到组件: /team/settings，尝试过的路径: ../../views/team/settings.vue 和 ../../views/team/settings/index.vue
(匿名) @ ComponentLoader.ts:36
(匿名) @ RouteTransformer.ts:121
(匿名) @ RouteTransformer.ts:48
(匿名) @ RouteTransformer.ts:53
(匿名) @ RouteTransformer.ts:53
(匿名) @ RouteRegistry.ts:51
(匿名) @ RouteRegistry.ts:49
handleDynamicRoutes @ beforeEach.ts:308
await in handleDynamicRoutes
handleRouteGuard @ beforeEach.ts:188
anonymousCallbackTo: router.beforeEach @ beforeEach.ts:118
(匿名) @ vue-router.mjs:2107
(匿名) @ vue-router.mjs:2074
(匿名) @ vue-router.mjs:2107
(匿名) @ vue-router.mjs:2079
(匿名) @ runtime-core.esm-bundler.js:4065
runWithContext @ vue-router.mjs:3387
(匿名) @ vue-router.mjs:3743
Promise.then
(匿名) @ vue-router.mjs:3743
runGuardQueue @ vue-router.mjs:3743
(匿名) @ vue-router.mjs:3413
Promise.then
navigate @ vue-router.mjs:3406
pushWithRedirect @ vue-router.mjs:3327
push @ vue-router.mjs:3260
install @ vue-router.mjs:3704
(匿名) @ runtime-core.esm-bundler.js:3928
(匿名) @ index.ts:19
bootstrap @ main.ts:25
(匿名) @ main.ts:46
pinia.mjs:281 🍍 "worktabStore" store installed 🆕
pinia.mjs:281 🍍 "script-project" store installed 🆕
index.ts:465  GET http://localhost:3006/api/projects/b6b48a338d0d215a1f6c1dac28dcbbac/scripts/a32130b3-a28b-4e09-bc33-cd2bbebc1e60/character-profiles 405 (Method Not Allowed)
dispatchXhrRequest @ xhr.js:198
(匿名) @ xhr.js:15
dispatchRequest @ dispatchRequest.js:51
Promise.then
_request @ Axios.js:163
request @ Axios.js:40
wrap @ bind.js:5
_doRequest @ index.ts:465
request @ index.ts:436
retryRequest @ index.ts:393
request @ index.ts:512
(匿名) @ http-adapter.ts:17
(匿名) @ http-adapter.ts:31
(匿名) @ script.ts:158
(匿名) @ script.ts:403
(匿名) @ query.ts:488
(匿名) @ retryer.ts:156
(匿名) @ retryer.ts:222
fetch @ query.ts:566
#executeFetch @ queryObserver.ts:342
setOptions @ queryObserver.ts:190
(匿名) @ useBaseQuery.ts:136
(匿名) @ runtime-core.esm-bundler.js:199
(匿名) @ runtime-core.esm-bundler.js:206
(匿名) @ runtime-core.esm-bundler.js:6280
job @ reactivity.esm-bundler.js:1838
(匿名) @ runtime-core.esm-bundler.js:199
(匿名) @ runtime-core.esm-bundler.js:408
Promise.then
(匿名) @ runtime-core.esm-bundler.js:322
(匿名) @ runtime-core.esm-bundler.js:317
(匿名) @ runtime-core.esm-bundler.js:6292
anonymousFunction @ reactivity.esm-bundler.js:1854
ReactiveEffect.trigger @ reactivity.esm-bundler.js:265
endBatch @ reactivity.esm-bundler.js:323
trigger @ reactivity.esm-bundler.js:741
MutableReactiveHandler.set @ reactivity.esm-bundler.js:1031
(匿名) @ utils.ts:16
updateState @ utils.ts:15
(匿名) @ useBaseQuery.ts:127
(匿名) @ queryObserver.ts:735
(匿名) @ queryObserver.ts:734
(匿名) @ notifyManager.ts:56
#notify @ queryObserver.ts:731
updateResult @ queryObserver.ts:700
onQueryUpdate @ queryObserver.ts:723
(匿名) @ query.ts:702
(匿名) @ query.ts:701
(匿名) @ notifyManager.ts:56
#dispatch @ query.ts:700
setData @ query.ts:239
fetch @ query.ts:578
await in fetch
#executeFetch @ queryObserver.ts:342
onSubscribe @ queryObserver.ts:100
subscribe @ subscribable.ts:11
(匿名) @ useBaseQuery.ts:126
(匿名) @ runtime-core.esm-bundler.js:199
(匿名) @ runtime-core.esm-bundler.js:206
(匿名) @ runtime-core.esm-bundler.js:6280
job @ reactivity.esm-bundler.js:1838
watch @ reactivity.esm-bundler.js:1873
(匿名) @ runtime-core.esm-bundler.js:6308
(匿名) @ runtime-core.esm-bundler.js:6241
useBaseQuery @ useBaseQuery.ts:121
useQuery @ useQuery.ts:136
(匿名) @ script.ts:49
setup @ index.vue:240
(匿名) @ runtime-core.esm-bundler.js:199
(匿名) @ runtime-core.esm-bundler.js:7996
(匿名) @ runtime-core.esm-bundler.js:7957
(匿名) @ runtime-core.esm-bundler.js:5285
(匿名) @ runtime-core.esm-bundler.js:5251
(匿名) @ runtime-core.esm-bundler.js:4767
(匿名) @ runtime-core.esm-bundler.js:5397
ReactiveEffect.run @ reactivity.esm-bundler.js:237
(匿名) @ runtime-core.esm-bundler.js:5525
(匿名) @ runtime-core.esm-bundler.js:5299
(匿名) @ runtime-core.esm-bundler.js:5251
(匿名) @ runtime-core.esm-bundler.js:4767
(匿名) @ runtime-core.esm-bundler.js:5397
ReactiveEffect.run @ reactivity.esm-bundler.js:237
(匿名) @ runtime-core.esm-bundler.js:5525
(匿名) @ runtime-core.esm-bundler.js:5299
(匿名) @ runtime-core.esm-bundler.js:5251
(匿名) @ runtime-core.esm-bundler.js:4767
(匿名) @ runtime-core.esm-bundler.js:5397
ReactiveEffect.run @ reactivity.esm-bundler.js:237
(匿名) @ runtime-core.esm-bundler.js:5525
(匿名) @ runtime-core.esm-bundler.js:5299
(匿名) @ runtime-core.esm-bundler.js:5251
(匿名) @ runtime-core.esm-bundler.js:4767
(匿名) @ runtime-core.esm-bundler.js:5001
(匿名) @ runtime-core.esm-bundler.js:5181
(匿名) @ runtime-core.esm-bundler.js:4741
(匿名) @ runtime-core.esm-bundler.js:5397
ReactiveEffect.run @ reactivity.esm-bundler.js:237
(匿名) @ runtime-core.esm-bundler.js:5525
(匿名) @ runtime-core.esm-bundler.js:5299
(匿名) @ runtime-core.esm-bundler.js:5251
(匿名) @ runtime-core.esm-bundler.js:4767
(匿名) @ runtime-core.esm-bundler.js:5001
(匿名) @ runtime-core.esm-bundler.js:4924
(匿名) @ runtime-core.esm-bundler.js:4889
(匿名) @ runtime-core.esm-bundler.js:4755
(匿名) @ runtime-core.esm-bundler.js:5397
ReactiveEffect.run @ reactivity.esm-bundler.js:237
(匿名) @ runtime-core.esm-bundler.js:5525
(匿名) @ runtime-core.esm-bundler.js:5299
(匿名) @ runtime-core.esm-bundler.js:5251
(匿名) @ runtime-core.esm-bundler.js:4767
(匿名) @ runtime-core.esm-bundler.js:5001
(匿名) @ runtime-core.esm-bundler.js:4924
(匿名) @ runtime-core.esm-bundler.js:4889
(匿名) @ runtime-core.esm-bundler.js:4755
(匿名) @ runtime-core.esm-bundler.js:5001
(匿名) @ runtime-core.esm-bundler.js:4924
(匿名) @ runtime-core.esm-bundler.js:4889
(匿名) @ runtime-core.esm-bundler.js:4755
(匿名) @ runtime-core.esm-bundler.js:5001
(匿名) @ runtime-core.esm-bundler.js:4924
(匿名) @ runtime-core.esm-bundler.js:4889
(匿名) @ runtime-core.esm-bundler.js:4755
(匿名) @ runtime-core.esm-bundler.js:5397
ReactiveEffect.run @ reactivity.esm-bundler.js:237
(匿名) @ runtime-core.esm-bundler.js:5525
(匿名) @ runtime-core.esm-bundler.js:5299
(匿名) @ runtime-core.esm-bundler.js:5251
(匿名) @ runtime-core.esm-bundler.js:4767
(匿名) @ runtime-core.esm-bundler.js:5477
ReactiveEffect.run @ reactivity.esm-bundler.js:237
ReactiveEffect.runIfDirty @ reactivity.esm-bundler.js:275
(匿名) @ runtime-core.esm-bundler.js:199
(匿名) @ runtime-core.esm-bundler.js:408
Promise.then
(匿名) @ runtime-core.esm-bundler.js:322
(匿名) @ runtime-core.esm-bundler.js:336
(匿名) @ runtime-core.esm-bundler.js:7409
(匿名) @ runtime-core.esm-bundler.js:6284
anonymousFunction @ reactivity.esm-bundler.js:1854
ReactiveEffect.trigger @ reactivity.esm-bundler.js:265
endBatch @ reactivity.esm-bundler.js:323
Dep.notify @ reactivity.esm-bundler.js:614
Dep.trigger @ reactivity.esm-bundler.js:588
RefImpl.set value @ reactivity.esm-bundler.js:1472
finalizeNavigation @ vue-router.mjs:3503
(匿名) @ vue-router.mjs:3368
Promise.then
pushWithRedirect @ vue-router.mjs:3335
(匿名) @ vue-router.mjs:3351
Promise.then
pushWithRedirect @ vue-router.mjs:3335
push @ vue-router.mjs:3260
install @ vue-router.mjs:3704
(匿名) @ runtime-core.esm-bundler.js:3928
(匿名) @ index.ts:19
bootstrap @ main.ts:25
(匿名) @ main.ts:46
error.ts:187 [HTTP Error] {code: 405, message: '不支持的请求方法: GET', data: {…}, timestamp: '2026-06-07T15:15:53.154Z', serverTimestamp: 1780845353546, …}
showError @ error.ts:187
_doRequest @ index.ts:491
await in _doRequest
request @ index.ts:436
retryRequest @ index.ts:393
request @ index.ts:512
(匿名) @ http-adapter.ts:17
(匿名) @ http-adapter.ts:31
(匿名) @ script.ts:158
(匿名) @ script.ts:403
(匿名) @ query.ts:488
(匿名) @ retryer.ts:156
(匿名) @ retryer.ts:222
fetch @ query.ts:566
#executeFetch @ queryObserver.ts:342
setOptions @ queryObserver.ts:190
(匿名) @ useBaseQuery.ts:136
(匿名) @ runtime-core.esm-bundler.js:199
(匿名) @ runtime-core.esm-bundler.js:206
(匿名) @ runtime-core.esm-bundler.js:6280
job @ reactivity.esm-bundler.js:1838
(匿名) @ runtime-core.esm-bundler.js:199
(匿名) @ runtime-core.esm-bundler.js:408
Promise.then
(匿名) @ runtime-core.esm-bundler.js:322
(匿名) @ runtime-core.esm-bundler.js:317
(匿名) @ runtime-core.esm-bundler.js:6292
anonymousFunction @ reactivity.esm-bundler.js:1854
ReactiveEffect.trigger @ reactivity.esm-bundler.js:265
endBatch @ reactivity.esm-bundler.js:323
trigger @ reactivity.esm-bundler.js:741
MutableReactiveHandler.set @ reactivity.esm-bundler.js:1031
(匿名) @ utils.ts:16
updateState @ utils.ts:15
(匿名) @ useBaseQuery.ts:127
(匿名) @ queryObserver.ts:735
(匿名) @ queryObserver.ts:734
(匿名) @ notifyManager.ts:56
#notify @ queryObserver.ts:731
updateResult @ queryObserver.ts:700
onQueryUpdate @ queryObserver.ts:723
(匿名) @ query.ts:702
(匿名) @ query.ts:701
(匿名) @ notifyManager.ts:56
#dispatch @ query.ts:700
setData @ query.ts:239
fetch @ query.ts:578
await in fetch
#executeFetch @ queryObserver.ts:342
onSubscribe @ queryObserver.ts:100
subscribe @ subscribable.ts:11
(匿名) @ useBaseQuery.ts:126
(匿名) @ runtime-core.esm-bundler.js:199
(匿名) @ runtime-core.esm-bundler.js:206
(匿名) @ runtime-core.esm-bundler.js:6280
job @ reactivity.esm-bundler.js:1838
watch @ reactivity.esm-bundler.js:1873
(匿名) @ runtime-core.esm-bundler.js:6308
(匿名) @ runtime-core.esm-bundler.js:6241
useBaseQuery @ useBaseQuery.ts:121
useQuery @ useQuery.ts:136
(匿名) @ script.ts:49
setup @ index.vue:240
(匿名) @ runtime-core.esm-bundler.js:199
(匿名) @ runtime-core.esm-bundler.js:7996
(匿名) @ runtime-core.esm-bundler.js:7957
(匿名) @ runtime-core.esm-bundler.js:5285
(匿名) @ runtime-core.esm-bundler.js:5251
(匿名) @ runtime-core.esm-bundler.js:4767
(匿名) @ runtime-core.esm-bundler.js:5397
ReactiveEffect.run @ reactivity.esm-bundler.js:237
(匿名) @ runtime-core.esm-bundler.js:5525
(匿名) @ runtime-core.esm-bundler.js:5299
(匿名) @ runtime-core.esm-bundler.js:5251
(匿名) @ runtime-core.esm-bundler.js:4767
(匿名) @ runtime-core.esm-bundler.js:5397
ReactiveEffect.run @ reactivity.esm-bundler.js:237
(匿名) @ runtime-core.esm-bundler.js:5525
(匿名) @ runtime-core.esm-bundler.js:5299
(匿名) @ runtime-core.esm-bundler.js:5251
(匿名) @ runtime-core.esm-bundler.js:4767
(匿名) @ runtime-core.esm-bundler.js:5397
ReactiveEffect.run @ reactivity.esm-bundler.js:237
(匿名) @ runtime-core.esm-bundler.js:5525
(匿名) @ runtime-core.esm-bundler.js:5299
(匿名) @ runtime-core.esm-bundler.js:5251
(匿名) @ runtime-core.esm-bundler.js:4767
(匿名) @ runtime-core.esm-bundler.js:5001
(匿名) @ runtime-core.esm-bundler.js:5181
(匿名) @ runtime-core.esm-bundler.js:4741
(匿名) @ runtime-core.esm-bundler.js:5397
ReactiveEffect.run @ reactivity.esm-bundler.js:237
(匿名) @ runtime-core.esm-bundler.js:5525
(匿名) @ runtime-core.esm-bundler.js:5299
(匿名) @ runtime-core.esm-bundler.js:5251
(匿名) @ runtime-core.esm-bundler.js:4767
(匿名) @ runtime-core.esm-bundler.js:5001
(匿名) @ runtime-core.esm-bundler.js:4924
(匿名) @ runtime-core.esm-bundler.js:4889
(匿名) @ runtime-core.esm-bundler.js:4755
(匿名) @ runtime-core.esm-bundler.js:5397
ReactiveEffect.run @ reactivity.esm-bundler.js:237
(匿名) @ runtime-core.esm-bundler.js:5525
(匿名) @ runtime-core.esm-bundler.js:5299
(匿名) @ runtime-core.esm-bundler.js:5251
(匿名) @ runtime-core.esm-bundler.js:4767
(匿名) @ runtime-core.esm-bundler.js:5001
(匿名) @ runtime-core.esm-bundler.js:4924
(匿名) @ runtime-core.esm-bundler.js:4889
(匿名) @ runtime-core.esm-bundler.js:4755
(匿名) @ runtime-core.esm-bundler.js:5001
(匿名) @ runtime-core.esm-bundler.js:4924
(匿名) @ runtime-core.esm-bundler.js:4889
(匿名) @ runtime-core.esm-bundler.js:4755
(匿名) @ runtime-core.esm-bundler.js:5001
(匿名) @ runtime-core.esm-bundler.js:4924
(匿名) @ runtime-core.esm-bundler.js:4889
(匿名) @ runtime-core.esm-bundler.js:4755
(匿名) @ runtime-core.esm-bundler.js:5397
ReactiveEffect.run @ reactivity.esm-bundler.js:237
(匿名) @ runtime-core.esm-bundler.js:5525
(匿名) @ runtime-core.esm-bundler.js:5299
(匿名) @ runtime-core.esm-bundler.js:5251
(匿名) @ runtime-core.esm-bundler.js:4767
(匿名) @ runtime-core.esm-bundler.js:5477
ReactiveEffect.run @ reactivity.esm-bundler.js:237
ReactiveEffect.runIfDirty @ reactivity.esm-bundler.js:275
(匿名) @ runtime-core.esm-bundler.js:199
(匿名) @ runtime-core.esm-bundler.js:408
Promise.then
(匿名) @ runtime-core.esm-bundler.js:322
(匿名) @ runtime-core.esm-bundler.js:336
(匿名) @ runtime-core.esm-bundler.js:7409
(匿名) @ runtime-core.esm-bundler.js:6284
anonymousFunction @ reactivity.esm-bundler.js:1854
ReactiveEffect.trigger @ reactivity.esm-bundler.js:265
endBatch @ reactivity.esm-bundler.js:323
Dep.notify @ reactivity.esm-bundler.js:614
Dep.trigger @ reactivity.esm-bundler.js:588
RefImpl.set value @ reactivity.esm-bundler.js:1472
finalizeNavigation @ vue-router.mjs:3503
(匿名) @ vue-router.mjs:3368
Promise.then
pushWithRedirect @ vue-router.mjs:3335
(匿名) @ vue-router.mjs:3351
Promise.then
pushWithRedirect @ vue-router.mjs:3335
push @ vue-router.mjs:3260
install @ vue-router.mjs:3704
(匿名) @ runtime-core.esm-bundler.js:3928
(匿名) @ index.ts:19
bootstrap @ main.ts:25
(匿名) @ main.ts:46
content_main.js:4683 This page uses the built-in LanguageDetector feature. To learn more and leave feedback, see https://learn.microsoft.com/microsoft-edge/web-platform/languagedetector-api
web-vitals.ts:13 [WebVitals] LCP: 2008.00ms (good)
web-vitals.ts:13 [WebVitals] INP: 0.00ms (good)
web-vitals.ts:13 [WebVitals] CLS: 0.00ms (good)
